Archive member included because of file (symbol)

/home/milton/KSDK_1.2.0/lib/ksdk_platform_lib/kds/KL25Z4/debug/libksdk_platform.a(fsl_uart_hal.o)
                              ./utilities/fsl_debug_console.o (UART_HAL_SetBaudRate)
/home/milton/KSDK_1.2.0/lib/ksdk_platform_lib/kds/KL25Z4/debug/libksdk_platform.a(fsl_tsi_driver.o)
                              ./Sources/tsi_kl25z.o (TSI_DRV_Init)
/home/milton/KSDK_1.2.0/lib/ksdk_platform_lib/kds/KL25Z4/debug/libksdk_platform.a(fsl_tsi_v4_driver_specific.o)
                              ./Sources/tsi_kl25z.o (TSI_DRV_EnableElectrode)
/home/milton/KSDK_1.2.0/lib/ksdk_platform_lib/kds/KL25Z4/debug/libksdk_platform.a(fsl_lpsci_hal.o)
                              ./utilities/fsl_debug_console.o (LPSCI_HAL_SetBaudRate)
/home/milton/KSDK_1.2.0/lib/ksdk_platform_lib/kds/KL25Z4/debug/libksdk_platform.a(fsl_gpio_driver.o)
                              ./Sources/main.o (GPIO_DRV_OutputPinInit)
/home/milton/KSDK_1.2.0/lib/ksdk_platform_lib/kds/KL25Z4/debug/libksdk_platform.a(fsl_clock_MKL25Z4.o)
                              ./board/board.o (CLOCK_SYS_SetConfiguration)
/home/milton/KSDK_1.2.0/lib/ksdk_platform_lib/kds/KL25Z4/debug/libksdk_platform.a(fsl_clock_manager.o)
                              /home/milton/KSDK_1.2.0/lib/ksdk_platform_lib/kds/KL25Z4/debug/libksdk_platform.a(fsl_clock_MKL25Z4.o) (CLOCK_SYS_GetSystickFreq)
/home/milton/KSDK_1.2.0/lib/ksdk_platform_lib/kds/KL25Z4/debug/libksdk_platform.a(fsl_clock_manager_common.o)
                              /home/milton/KSDK_1.2.0/lib/ksdk_platform_lib/kds/KL25Z4/debug/libksdk_platform.a(fsl_clock_MKL25Z4.o) (g_oscBase)
/home/milton/KSDK_1.2.0/lib/ksdk_platform_lib/kds/KL25Z4/debug/libksdk_platform.a(fsl_os_abstraction_bm.o)
                              /home/milton/KSDK_1.2.0/lib/ksdk_platform_lib/kds/KL25Z4/debug/libksdk_platform.a(fsl_tsi_driver.o) (OSA_SemaCreate)
/home/milton/KSDK_1.2.0/lib/ksdk_platform_lib/kds/KL25Z4/debug/libksdk_platform.a(fsl_tsi_hal.o)
                              /home/milton/KSDK_1.2.0/lib/ksdk_platform_lib/kds/KL25Z4/debug/libksdk_platform.a(fsl_tsi_driver.o) (TSI_HAL_DisableLowPower)
/home/milton/KSDK_1.2.0/lib/ksdk_platform_lib/kds/KL25Z4/debug/libksdk_platform.a(fsl_tsi_v4_hal_specific.o)
                              /home/milton/KSDK_1.2.0/lib/ksdk_platform_lib/kds/KL25Z4/debug/libksdk_platform.a(fsl_tsi_v4_driver_specific.o) (TSI_HAL_EnableLowPower)
/home/milton/KSDK_1.2.0/lib/ksdk_platform_lib/kds/KL25Z4/debug/libksdk_platform.a(fsl_tsi_common.o)
                              /home/milton/KSDK_1.2.0/lib/ksdk_platform_lib/kds/KL25Z4/debug/libksdk_platform.a(fsl_tsi_driver.o) (g_tsiStatePtr)
/home/milton/KSDK_1.2.0/lib/ksdk_platform_lib/kds/KL25Z4/debug/libksdk_platform.a(fsl_sim_hal_MKL25Z4.o)
                              /home/milton/KSDK_1.2.0/lib/ksdk_platform_lib/kds/KL25Z4/debug/libksdk_platform.a(fsl_clock_MKL25Z4.o) (CLOCK_HAL_SetOutDiv)
/home/milton/KSDK_1.2.0/lib/ksdk_platform_lib/kds/KL25Z4/debug/libksdk_platform.a(fsl_rtc_common.o)
                              /home/milton/KSDK_1.2.0/lib/ksdk_platform_lib/kds/KL25Z4/debug/libksdk_platform.a(fsl_clock_manager.o) (g_rtcBase)
/home/milton/KSDK_1.2.0/lib/ksdk_platform_lib/kds/KL25Z4/debug/libksdk_platform.a(fsl_osc_hal.o)
                              /home/milton/KSDK_1.2.0/lib/ksdk_platform_lib/kds/KL25Z4/debug/libksdk_platform.a(fsl_clock_manager.o) (OSC_HAL_SetCapacitor)
/home/milton/KSDK_1.2.0/lib/ksdk_platform_lib/kds/KL25Z4/debug/libksdk_platform.a(fsl_mcg_hal.o)
                              /home/milton/KSDK_1.2.0/lib/ksdk_platform_lib/kds/KL25Z4/debug/libksdk_platform.a(fsl_clock_MKL25Z4.o) (CLOCK_HAL_GetFllClk)
/home/milton/KSDK_1.2.0/lib/ksdk_platform_lib/kds/KL25Z4/debug/libksdk_platform.a(fsl_mcg_hal_modes.o)
                              /home/milton/KSDK_1.2.0/lib/ksdk_platform_lib/kds/KL25Z4/debug/libksdk_platform.a(fsl_clock_manager.o) (CLOCK_HAL_GetMcgMode)
/home/milton/KSDK_1.2.0/lib/ksdk_platform_lib/kds/KL25Z4/debug/libksdk_platform.a(fsl_lptmr_hal.o)
                              /home/milton/KSDK_1.2.0/lib/ksdk_platform_lib/kds/KL25Z4/debug/libksdk_platform.a(fsl_os_abstraction_bm.o) (LPTMR_HAL_SetTimerWorkingMode)
/home/milton/KSDK_1.2.0/lib/ksdk_platform_lib/kds/KL25Z4/debug/libksdk_platform.a(fsl_interrupt_manager.o)
                              /home/milton/KSDK_1.2.0/lib/ksdk_platform_lib/kds/KL25Z4/debug/libksdk_platform.a(fsl_os_abstraction_bm.o) (INT_SYS_InstallHandler)
/home/milton/KSDK_1.2.0/lib/ksdk_platform_lib/kds/KL25Z4/debug/libksdk_platform.a(fsl_gpio_hal.o)
                              /home/milton/KSDK_1.2.0/lib/ksdk_platform_lib/kds/KL25Z4/debug/libksdk_platform.a(fsl_gpio_driver.o) (GPIO_HAL_SetPinDir)
/home/milton/KSDK_1.2.0/lib/ksdk_platform_lib/kds/KL25Z4/debug/libksdk_platform.a(fsl_gpio_common.o)
                              /home/milton/KSDK_1.2.0/lib/ksdk_platform_lib/kds/KL25Z4/debug/libksdk_platform.a(fsl_gpio_driver.o) (g_portIrqId)
[...]
Memory Configuration

Name             Origin             Length             Attributes
m_interrupts     0x00000000         0x00000100         xr
m_flash_config   0x00000400         0x00000010         xr
m_text           0x00000410         0x0001fbf0         xr
m_data           0x1ffff000         0x00004000         rw
*default*        0x00000000         0xffffffff

Linker script and memory map

LOAD /opt/Freescale/KDS_3.0.0/toolchain/bin/../lib/gcc/arm-none-eabi/4.8.4/armv6-m/crti.o
LOAD /opt/Freescale/KDS_3.0.0/toolchain/bin/../lib/gcc/arm-none-eabi/4.8.4/armv6-m/crtbegin.o
LOAD /opt/Freescale/KDS_3.0.0/toolchain/bin/../lib/gcc/arm-none-eabi/4.8.4/../../../../arm-none-eabi/lib/armv6-m/crt0.o
                0x00000400                __stack_size__ = 0x400
                0x00000200                __heap_size__ = 0x200
LOAD ./utilities/fsl_debug_console.o
LOAD ./utilities/print_scan.o
LOAD ./startup/startup.o
LOAD ./startup/startup_MKL25Z4.o
LOAD ./startup/system_MKL25Z4.o
LOAD ./board/board.o
LOAD ./board/gpio_pins.o
LOAD ./board/hardware_init.o
LOAD ./board/pin_mux.o
LOAD ./Sources/main.o
LOAD ./Sources/tsi_kl25z.o
LOAD /home/milton/KSDK_1.2.0/lib/ksdk_platform_lib/kds/KL25Z4/debug/libksdk_platform.a
LOAD /opt/Freescale/KDS_3.0.0/toolchain/bin/../lib/gcc/arm-none-eabi/4.8.4/../../../../arm-none-eabi/lib/armv6-m/libg_s.a
LOAD /opt/Freescale/KDS_3.0.0/toolchain/bin/../lib/gcc/arm-none-eabi/4.8.4/armv6-m/libgcc.a
LOAD /opt/Freescale/KDS_3.0.0/toolchain/bin/../lib/gcc/arm-none-eabi/4.8.4/../../../../arm-none-eabi/lib/armv6-m/libnosys.a
LOAD /opt/Freescale/KDS_3.0.0/toolchain/bin/../lib/gcc/arm-none-eabi/4.8.4/../../../../arm-none-eabi/lib/armv6-m/libstdc++_s.a
LOAD /opt/Freescale/KDS_3.0.0/toolchain/bin/../lib/gcc/arm-none-eabi/4.8.4/../../../../arm-none-eabi/lib/armv6-m/libm.a
START GROUP
LOAD /opt/Freescale/KDS_3.0.0/toolchain/bin/../lib/gcc/arm-none-eabi/4.8.4/armv6-m/libgcc.a
LOAD /opt/Freescale/KDS_3.0.0/toolchain/bin/../lib/gcc/arm-none-eabi/4.8.4/../../../../arm-none-eabi/lib/armv6-m/libg_s.a
LOAD /opt/Freescale/KDS_3.0.0/toolchain/bin/../lib/gcc/arm-none-eabi/4.8.4/../../../../arm-none-eabi/lib/armv6-m/libc_s.a
END GROUP
START GROUP
LOAD /opt/Freescale/KDS_3.0.0/toolchain/bin/../lib/gcc/arm-none-eabi/4.8.4/armv6-m/libgcc.a
LOAD /opt/Freescale/KDS_3.0.0/toolchain/bin/../lib/gcc/arm-none-eabi/4.8.4/../../../../arm-none-eabi/lib/armv6-m/libc_s.a
END GROUP
LOAD /opt/Freescale/KDS_3.0.0/toolchain/bin/../lib/gcc/arm-none-eabi/4.8.4/armv6-m/crtend.o
LOAD /opt/Freescale/KDS_3.0.0/toolchain/bin/../lib/gcc/arm-none-eabi/4.8.4/armv6-m/crtn.o
                0x00000400                HEAP_SIZE = DEFINED (__heap_size__)?__heap_size__:0x400
                0x00000400                STACK_SIZE = DEFINED (__stack_size__)?__stack_size__:0x400
                0x00000000                M_VECTOR_RAM_SIZE = DEFINED (__ram_vector_table__)?0x100:0x0

.interrupts     0x00000000       0xc0
                0x00000000                __VECTOR_TABLE = .
                0x00000000                . = ALIGN (0x4)
 *(.isr_vector)
 .isr_vector    0x00000000       0xc0 ./startup/startup_MKL25Z4.o
                0x00000000                __isr_vector
                0x000000c0                . = ALIGN (0x4)

.flash_config   0x00000400       0x10
                0x00000400                . = ALIGN (0x4)
 *(.FlashConfig)
 .FlashConfig   0x00000400       0x10 ./startup/startup_MKL25Z4.o
                0x00000410                . = ALIGN (0x4)

.text           0x00000410     0x4720
                0x00000410                . = ALIGN (0x4)
 *(.text)
 .text          0x00000410       0x60 /opt/Freescale/KDS_3.0.0/toolchain/bin/../lib/gcc/arm-none-eabi/4.8.4/armv6-m/crtbegin.o
 .text          0x00000470       0x78 /opt/Freescale/KDS_3.0.0/toolchain/bin/../lib/gcc/arm-none-eabi/4.8.4/../../../../arm-none-eabi/lib/armv6-m/crt0.o
                0x00000470                _mainCRTStartup
                0x00000470                _start
 .text          0x000004e8       0x18 ./startup/startup_MKL25Z4.o
                0x000004e8                Reset_Handler
                0x000004f8                I2C0_IRQHandler
                0x000004f8                HardFault_Handler
                0x000004f8                SysTick_Handler
                0x000004f8                PendSV_Handler
                0x000004f8                NMI_Handler
                0x000004f8                I2C1_IRQHandler
                0x000004f8                UART1_IRQHandler
                0x000004f8                DMA2_IRQHandler
                0x000004f8                TPM0_IRQHandler
                0x000004f8                LLWU_IRQHandler
                0x000004f8                UART0_IRQHandler
                0x000004f8                ADC0_IRQHandler
                0x000004f8                Reserved39_IRQHandler
                0x000004f8                SPI1_IRQHandler
                0x000004f8                DefaultISR
                0x000004f8                PORTD_IRQHandler
                0x000004f8                TPM2_IRQHandler
                0x000004f8                RTC_IRQHandler
                0x000004f8                RTC_Seconds_IRQHandler
                0x000004f8                MCG_IRQHandler
                0x000004f8                UART2_IRQHandler
                0x000004f8                Reserved20_IRQHandler
                0x000004f8                USB0_IRQHandler
                0x000004f8                PIT_IRQHandler
                0x000004f8                SVC_Handler
                0x000004f8                DMA3_IRQHandler
                0x000004f8                DMA0_IRQHandler
                0x000004f8                DAC0_IRQHandler
                0x000004f8                Reserved45_IRQHandler
                0x000004f8                TPM1_IRQHandler
                0x000004f8                LVD_LVW_IRQHandler
                0x000004f8                SPI0_IRQHandler
                0x000004f8                PORTA_IRQHandler
                0x000004f8                FTFA_IRQHandler
                0x000004f8                LPTMR0_IRQHandler
                0x000004f8                CMP0_IRQHandler
                0x000004f8                DMA1_IRQHandler
 .text          0x00000500       0x14 /opt/Freescale/KDS_3.0.0/toolchain/bin/../lib/gcc/arm-none-eabi/4.8.4/armv6-m/libgcc.a(_thumb1_case_uqi.o)
                0x00000500                __gnu_thumb1_case_uqi
 .text          0x00000514       0x9c /opt/Freescale/KDS_3.0.0/toolchain/bin/../lib/gcc/arm-none-eabi/4.8.4/armv6-m/libgcc.a(_udivsi3.o)
                0x00000514                __udivsi3
                0x00000514                __aeabi_uidiv
                0x0000059c                __aeabi_uidivmod
 .text          0x000005b0       0xc0 /opt/Freescale/KDS_3.0.0/toolchain/bin/../lib/gcc/arm-none-eabi/4.8.4/armv6-m/libgcc.a(_divsi3.o)
                0x000005b0                __aeabi_idiv
                0x000005b0                __divsi3
                0x0000065c                __aeabi_idivmod
 .text          0x00000670        0x4 /opt/Freescale/KDS_3.0.0/toolchain/bin/../lib/gcc/arm-none-eabi/4.8.4/armv6-m/libgcc.a(_dvmd_tls.o)
                0x00000670                __aeabi_ldiv0
                0x00000670                __aeabi_idiv0
 *(.text*)
 .text.UART_HAL_EnableTransmitter
                0x00000674       0x1c ./utilities/fsl_debug_console.o
 .text.UART_HAL_EnableReceiver
                0x00000690       0x1c ./utilities/fsl_debug_console.o
 .text.UART_HAL_SetBitCountPerChar
                0x000006ac       0x28 ./utilities/fsl_debug_console.o
 .text.UART_HAL_SetStopBitCount
                0x000006d4       0x28 ./utilities/fsl_debug_console.o
 .text.LPSCI_HAL_EnableTransmitter
                0x000006fc       0x1c ./utilities/fsl_debug_console.o
 .text.LPSCI_HAL_EnableReceiver
                0x00000718       0x1c ./utilities/fsl_debug_console.o
 .text.LPSCI_HAL_SetBitCountPerChar
                0x00000734       0x28 ./utilities/fsl_debug_console.o
 .text.LPSCI_HAL_SetStopBitCount
                0x0000075c       0x28 ./utilities/fsl_debug_console.o
 .text.DbgConsole_Init
                0x00000784      0x160 ./utilities/fsl_debug_console.o
                0x00000784                DbgConsole_Init
 .text._write   0x000008e4       0x5c ./utilities/fsl_debug_console.o
                0x000008e4                _write
 .text._read    0x00000940       0x48 ./utilities/fsl_debug_console.o
                0x00000940                _read
 .text.debug_printf
                0x00000988       0x4c ./utilities/fsl_debug_console.o
                0x00000988                debug_printf
 .text.debug_putc
                0x000009d4       0x44 ./utilities/fsl_debug_console.o
 .text._doprint
                0x00000a18      0x6e4 ./utilities/print_scan.o
                0x00000a18                _doprint
 .text.mknumstr
                0x000010fc      0x110 ./utilities/print_scan.o
 .text.fput_pad
                0x0000120c       0x44 ./utilities/print_scan.o
 .text.init_data_bss
                0x00001250       0xc8 ./startup/startup.o
                0x00001250                init_data_bss
 .text.SystemInit
                0x00001318       0x18 ./startup/system_MKL25Z4.o
                0x00001318                SystemInit
 .text.PORT_HAL_SetMuxMode
                0x00001330       0x4c ./board/board.o
 .text.CLOCK_HAL_SetLpsciSrc
                0x0000137c       0x30 ./board/board.o
 .text.CLOCK_SYS_SetLpsciSrc
                0x000013ac       0x2c ./board/board.o
 .text.SMC_HAL_SetProtection
                0x000013d8       0x1c ./board/board.o
 .text.BOARD_InitOsc0
                0x000013f4       0x40 ./board/board.o
                0x000013f4                BOARD_InitOsc0
 .text.BOARD_InitRtcOsc
                0x00001434       0x40 ./board/board.o
                0x00001434                BOARD_InitRtcOsc
 .text.BOARD_ClockInit
                0x00001474       0x48 ./board/board.o
                0x00001474                BOARD_ClockInit
 .text.dbg_uart_init
                0x000014bc       0x24 ./board/board.o
                0x000014bc                dbg_uart_init
 .text.hardware_init
                0x000014e0       0x24 ./board/hardware_init.o
                0x000014e0                hardware_init
 .text.PORT_HAL_SetMuxMode
                0x00001504       0x4c ./board/pin_mux.o
 .text.configure_lpsci_pins
                0x00001550       0x34 ./board/pin_mux.o
                0x00001550                configure_lpsci_pins
 .text.configure_tsi_pins
                0x00001584       0x34 ./board/pin_mux.o
                0x00001584                configure_tsi_pins
 .text.main     0x000015b8       0x80 ./Sources/main.o
                0x000015b8                main
 .text.initHwConfigTSI
                0x00001638       0x94 ./Sources/tsi_kl25z.o
                0x00001638                initHwConfigTSI
 .text.averageMeasurement
                0x000016cc       0xd8 ./Sources/tsi_kl25z.o
                0x000016cc                averageMeasurement
 .text.TSI0_IRQHandler
                0x000017a4       0x10 ./Sources/tsi_kl25z.o
                0x000017a4                TSI0_IRQHandler
 .text.UART_HAL_SetBaudRate
                0x000017b4       0x34 /home/milton/KSDK_1.2.0/lib/ksdk_platform_lib/kds/KL25Z4/debug/libksdk_platform.a(fsl_uart_hal.o)
                0x000017b4                UART_HAL_SetBaudRate
 .text.UART_HAL_SetParityMode
                0x000017e8       0x1e /home/milton/KSDK_1.2.0/lib/ksdk_platform_lib/kds/KL25Z4/debug/libksdk_platform.a(fsl_uart_hal.o)
                0x000017e8                UART_HAL_SetParityMode
 .text.UART_HAL_SendDataPolling
                0x00001806       0x22 /home/milton/KSDK_1.2.0/lib/ksdk_platform_lib/kds/KL25Z4/debug/libksdk_platform.a(fsl_uart_hal.o)
                0x00001806                UART_HAL_SendDataPolling
 .text.UART_HAL_ReceiveDataPolling
                0x00001828       0x38 /home/milton/KSDK_1.2.0/lib/ksdk_platform_lib/kds/KL25Z4/debug/libksdk_platform.a(fsl_uart_hal.o)
                0x00001828                UART_HAL_ReceiveDataPolling
 .text.TSI_DRV_Init
                0x00001860      0x154 /home/milton/KSDK_1.2.0/lib/ksdk_platform_lib/kds/KL25Z4/debug/libksdk_platform.a(fsl_tsi_driver.o)
                0x00001860                TSI_DRV_Init
 .text.TSI_DRV_AbortMeasure
                0x000019b4       0x9c /home/milton/KSDK_1.2.0/lib/ksdk_platform_lib/kds/KL25Z4/debug/libksdk_platform.a(fsl_tsi_driver.o)
                0x000019b4                TSI_DRV_AbortMeasure
 .text.TSI_DRV_MeasureBlocking
                0x00001a50       0x58 /home/milton/KSDK_1.2.0/lib/ksdk_platform_lib/kds/KL25Z4/debug/libksdk_platform.a(fsl_tsi_driver.o)
                0x00001a50                TSI_DRV_MeasureBlocking
 .text.unlikely.TSI_HAL_SetMeasuredChannelNumber.part.1
                0x00001aa8       0x1c /home/milton/KSDK_1.2.0/lib/ksdk_platform_lib/kds/KL25Z4/debug/libksdk_platform.a(fsl_tsi_v4_driver_specific.o)
 .text.TSI_DRV_EnableElectrode
                0x00001ac4       0x9c /home/milton/KSDK_1.2.0/lib/ksdk_platform_lib/kds/KL25Z4/debug/libksdk_platform.a(fsl_tsi_v4_driver_specific.o)
                0x00001ac4                TSI_DRV_EnableElectrode
 .text.TSI_DRV_GetCounter
                0x00001b60       0x70 /home/milton/KSDK_1.2.0/lib/ksdk_platform_lib/kds/KL25Z4/debug/libksdk_platform.a(fsl_tsi_v4_driver_specific.o)
                0x00001b60                TSI_DRV_GetCounter
 .text.TSI_DRV_Measure
                0x00001bd0       0xd0 /home/milton/KSDK_1.2.0/lib/ksdk_platform_lib/kds/KL25Z4/debug/libksdk_platform.a(fsl_tsi_v4_driver_specific.o)
                0x00001bd0                TSI_DRV_Measure
 .text.TSI_DRV_IRQHandler
                0x00001ca0       0xcc /home/milton/KSDK_1.2.0/lib/ksdk_platform_lib/kds/KL25Z4/debug/libksdk_platform.a(fsl_tsi_v4_driver_specific.o)
                0x00001ca0                TSI_DRV_IRQHandler
 .text.LPSCI_HAL_SetBaudRate
                0x00001d6c       0xcc /home/milton/KSDK_1.2.0/lib/ksdk_platform_lib/kds/KL25Z4/debug/libksdk_platform.a(fsl_lpsci_hal.o)
                0x00001d6c                LPSCI_HAL_SetBaudRate
 .text.LPSCI_HAL_SetParityMode
                0x00001e38       0x1e /home/milton/KSDK_1.2.0/lib/ksdk_platform_lib/kds/KL25Z4/debug/libksdk_platform.a(fsl_lpsci_hal.o)
                0x00001e38                LPSCI_HAL_SetParityMode
 .text.LPSCI_HAL_SendDataPolling
                0x00001e56       0x20 /home/milton/KSDK_1.2.0/lib/ksdk_platform_lib/kds/KL25Z4/debug/libksdk_platform.a(fsl_lpsci_hal.o)
                0x00001e56                LPSCI_HAL_SendDataPolling
 .text.LPSCI_HAL_ReceiveDataPolling
                0x00001e76       0x36 /home/milton/KSDK_1.2.0/lib/ksdk_platform_lib/kds/KL25Z4/debug/libksdk_platform.a(fsl_lpsci_hal.o)
                0x00001e76                LPSCI_HAL_ReceiveDataPolling
 .text.unlikely.PORT_HAL_SetMuxMode.part.0
                0x00001eac       0x1c /home/milton/KSDK_1.2.0/lib/ksdk_platform_lib/kds/KL25Z4/debug/libksdk_platform.a(fsl_gpio_driver.o)
 .text.GPIO_DRV_OutputPinInit
                0x00001ec8       0x6c /home/milton/KSDK_1.2.0/lib/ksdk_platform_lib/kds/KL25Z4/debug/libksdk_platform.a(fsl_gpio_driver.o)
                0x00001ec8                GPIO_DRV_OutputPinInit
 .text.GPIO_DRV_WritePinOutput
                0x00001f34       0x20 /home/milton/KSDK_1.2.0/lib/ksdk_platform_lib/kds/KL25Z4/debug/libksdk_platform.a(fsl_gpio_driver.o)
                0x00001f34                GPIO_DRV_WritePinOutput
 .text.SIM_HAL_EnableClock.constprop.7
                0x00001f54       0x24 /home/milton/KSDK_1.2.0/lib/ksdk_platform_lib/kds/KL25Z4/debug/libksdk_platform.a(fsl_clock_MKL25Z4.o)
 .text.CLOCK_SYS_GetCoreClockFreq
                0x00001f78       0x20 /home/milton/KSDK_1.2.0/lib/ksdk_platform_lib/kds/KL25Z4/debug/libksdk_platform.a(fsl_clock_MKL25Z4.o)
                0x00001f78                CLOCK_SYS_GetCoreClockFreq
 .text.CLOCK_SYS_SetConfiguration
                0x00001f98       0x84 /home/milton/KSDK_1.2.0/lib/ksdk_platform_lib/kds/KL25Z4/debug/libksdk_platform.a(fsl_clock_MKL25Z4.o)
                0x00001f98                CLOCK_SYS_SetConfiguration
 .text.CLOCK_SYS_FllStableDelay
                0x0000201c       0x1c /home/milton/KSDK_1.2.0/lib/ksdk_platform_lib/kds/KL25Z4/debug/libksdk_platform.a(fsl_clock_MKL25Z4.o)
 .text.CLOCK_SYS_GetSystemClockFreq
                0x00002038       0x20 /home/milton/KSDK_1.2.0/lib/ksdk_platform_lib/kds/KL25Z4/debug/libksdk_platform.a(fsl_clock_MKL25Z4.o)
                0x00002038                CLOCK_SYS_GetSystemClockFreq
 .text.CLOCK_SYS_GetBusClockFreq
                0x00002058       0x18 /home/milton/KSDK_1.2.0/lib/ksdk_platform_lib/kds/KL25Z4/debug/libksdk_platform.a(fsl_clock_MKL25Z4.o)
                0x00002058                CLOCK_SYS_GetBusClockFreq
 .text.CLOCK_SYS_GetPllFllClockFreq
                0x00002070       0x30 /home/milton/KSDK_1.2.0/lib/ksdk_platform_lib/kds/KL25Z4/debug/libksdk_platform.a(fsl_clock_MKL25Z4.o)
                0x00002070                CLOCK_SYS_GetPllFllClockFreq
 .text.CLOCK_SYS_GetOsc0ExternalRefClockFreq
                0x000020a0       0x24 /home/milton/KSDK_1.2.0/lib/ksdk_platform_lib/kds/KL25Z4/debug/libksdk_platform.a(fsl_clock_MKL25Z4.o)
                0x000020a0                CLOCK_SYS_GetOsc0ExternalRefClockFreq
 .text.CLOCK_SYS_GetLpsciFreq
                0x000020c4       0x34 /home/milton/KSDK_1.2.0/lib/ksdk_platform_lib/kds/KL25Z4/debug/libksdk_platform.a(fsl_clock_MKL25Z4.o)
                0x000020c4                CLOCK_SYS_GetLpsciFreq
 .text.CLOCK_SYS_GetUartFreq
                0x000020f8       0x10 /home/milton/KSDK_1.2.0/lib/ksdk_platform_lib/kds/KL25Z4/debug/libksdk_platform.a(fsl_clock_MKL25Z4.o)
                0x000020f8                CLOCK_SYS_GetUartFreq
 .text.CLOCK_SYS_EnablePortClock
                0x00002108       0x30 /home/milton/KSDK_1.2.0/lib/ksdk_platform_lib/kds/KL25Z4/debug/libksdk_platform.a(fsl_clock_MKL25Z4.o)
                0x00002108                CLOCK_SYS_EnablePortClock
 .text.CLOCK_SYS_EnableLpsciClock
                0x00002138       0x30 /home/milton/KSDK_1.2.0/lib/ksdk_platform_lib/kds/KL25Z4/debug/libksdk_platform.a(fsl_clock_MKL25Z4.o)
                0x00002138                CLOCK_SYS_EnableLpsciClock
 .text.CLOCK_SYS_EnableUartClock
                0x00002168       0x30 /home/milton/KSDK_1.2.0/lib/ksdk_platform_lib/kds/KL25Z4/debug/libksdk_platform.a(fsl_clock_MKL25Z4.o)
                0x00002168                CLOCK_SYS_EnableUartClock
 .text.CLOCK_SYS_SetMcgPeeToFbe
                0x00002198       0x30 /home/milton/KSDK_1.2.0/lib/ksdk_platform_lib/kds/KL25Z4/debug/libksdk_platform.a(fsl_clock_manager.o)
 .text.CLOCK_SYS_SetMcgMode
                0x000021c8      0x134 /home/milton/KSDK_1.2.0/lib/ksdk_platform_lib/kds/KL25Z4/debug/libksdk_platform.a(fsl_clock_manager.o)
                0x000021c8                CLOCK_SYS_SetMcgMode
 .text.CLOCK_SYS_SetOscerConfigration
                0x000022fc       0x28 /home/milton/KSDK_1.2.0/lib/ksdk_platform_lib/kds/KL25Z4/debug/libksdk_platform.a(fsl_clock_manager.o)
                0x000022fc                CLOCK_SYS_SetOscerConfigration
 .text.CLOCK_SYS_OscInit
                0x00002324       0x98 /home/milton/KSDK_1.2.0/lib/ksdk_platform_lib/kds/KL25Z4/debug/libksdk_platform.a(fsl_clock_manager.o)
                0x00002324                CLOCK_SYS_OscInit
 .text.CLOCK_SYS_RtcOscInit
                0x000023bc       0xa0 /home/milton/KSDK_1.2.0/lib/ksdk_platform_lib/kds/KL25Z4/debug/libksdk_platform.a(fsl_clock_manager.o)
                0x000023bc                CLOCK_SYS_RtcOscInit
 .text.OSA_TimeInit
                0x0000245c       0x44 /home/milton/KSDK_1.2.0/lib/ksdk_platform_lib/kds/KL25Z4/debug/libksdk_platform.a(fsl_os_abstraction_bm.o)
                0x0000245c                OSA_TimeInit
 .text.OSA_TimeDiff
                0x000024a0       0x14 /home/milton/KSDK_1.2.0/lib/ksdk_platform_lib/kds/KL25Z4/debug/libksdk_platform.a(fsl_os_abstraction_bm.o)
                0x000024a0                OSA_TimeDiff
 .text.OSA_SemaCreate
                0x000024b4       0x2c /home/milton/KSDK_1.2.0/lib/ksdk_platform_lib/kds/KL25Z4/debug/libksdk_platform.a(fsl_os_abstraction_bm.o)
                0x000024b4                OSA_SemaCreate
 .text.OSA_SemaPost
                0x000024e0       0x3c /home/milton/KSDK_1.2.0/lib/ksdk_platform_lib/kds/KL25Z4/debug/libksdk_platform.a(fsl_os_abstraction_bm.o)
                0x000024e0                OSA_SemaPost
 .text.OSA_MutexCreate
                0x0000251c       0x2c /home/milton/KSDK_1.2.0/lib/ksdk_platform_lib/kds/KL25Z4/debug/libksdk_platform.a(fsl_os_abstraction_bm.o)
                0x0000251c                OSA_MutexCreate
 .text.OSA_MutexUnlock
                0x00002548       0x30 /home/milton/KSDK_1.2.0/lib/ksdk_platform_lib/kds/KL25Z4/debug/libksdk_platform.a(fsl_os_abstraction_bm.o)
                0x00002548                OSA_MutexUnlock
 .text.task_init
                0x00002578       0x38 /home/milton/KSDK_1.2.0/lib/ksdk_platform_lib/kds/KL25Z4/debug/libksdk_platform.a(fsl_os_abstraction_bm.o)
                0x00002578                task_init
 .text.OSA_TimeGetMsec
                0x000025b0       0x10 /home/milton/KSDK_1.2.0/lib/ksdk_platform_lib/kds/KL25Z4/debug/libksdk_platform.a(fsl_os_abstraction_bm.o)
                0x000025b0                OSA_TimeGetMsec
 .text.OSA_SemaWait
                0x000025c0       0x8c /home/milton/KSDK_1.2.0/lib/ksdk_platform_lib/kds/KL25Z4/debug/libksdk_platform.a(fsl_os_abstraction_bm.o)
                0x000025c0                OSA_SemaWait
 .text.OSA_MutexLock
                0x0000264c       0x84 /home/milton/KSDK_1.2.0/lib/ksdk_platform_lib/kds/KL25Z4/debug/libksdk_platform.a(fsl_os_abstraction_bm.o)
                0x0000264c                OSA_MutexLock
 .text.OSA_TimeDelay
                0x000026d0       0x1c /home/milton/KSDK_1.2.0/lib/ksdk_platform_lib/kds/KL25Z4/debug/libksdk_platform.a(fsl_os_abstraction_bm.o)
                0x000026d0                OSA_TimeDelay
 .text.OSA_EnterCritical
                0x000026ec        0xc /home/milton/KSDK_1.2.0/lib/ksdk_platform_lib/kds/KL25Z4/debug/libksdk_platform.a(fsl_os_abstraction_bm.o)
                0x000026ec                OSA_EnterCritical
 .text.OSA_ExitCritical
                0x000026f8        0xc /home/milton/KSDK_1.2.0/lib/ksdk_platform_lib/kds/KL25Z4/debug/libksdk_platform.a(fsl_os_abstraction_bm.o)
                0x000026f8                OSA_ExitCritical
 .text.OSA_Init
                0x00002704        0xe /home/milton/KSDK_1.2.0/lib/ksdk_platform_lib/kds/KL25Z4/debug/libksdk_platform.a(fsl_os_abstraction_bm.o)
                0x00002704                OSA_Init
 *fill*         0x00002712        0x2 
 .text.TSI_HAL_EnableModule
                0x00002714       0x14 /home/milton/KSDK_1.2.0/lib/ksdk_platform_lib/kds/KL25Z4/debug/libksdk_platform.a(fsl_tsi_v4_hal_specific.o)
 .text.TSI_HAL_SetOscilatorVoltageRails
                0x00002728       0x24 /home/milton/KSDK_1.2.0/lib/ksdk_platform_lib/kds/KL25Z4/debug/libksdk_platform.a(fsl_tsi_v4_hal_specific.o)
 .text.TSI_HAL_SetElectrodeChargeCurrent
                0x0000274c       0x24 /home/milton/KSDK_1.2.0/lib/ksdk_platform_lib/kds/KL25Z4/debug/libksdk_platform.a(fsl_tsi_v4_hal_specific.o)
 .text.TSI_HAL_Init
                0x00002770       0x14 /home/milton/KSDK_1.2.0/lib/ksdk_platform_lib/kds/KL25Z4/debug/libksdk_platform.a(fsl_tsi_v4_hal_specific.o)
                0x00002770                TSI_HAL_Init
 .text.TSI_HAL_SetConfiguration
                0x00002784      0x138 /home/milton/KSDK_1.2.0/lib/ksdk_platform_lib/kds/KL25Z4/debug/libksdk_platform.a(fsl_tsi_v4_hal_specific.o)
                0x00002784                TSI_HAL_SetConfiguration
 .text.CLOCK_HAL_SetOutDiv
                0x000028bc       0x1c /home/milton/KSDK_1.2.0/lib/ksdk_platform_lib/kds/KL25Z4/debug/libksdk_platform.a(fsl_sim_hal_MKL25Z4.o)
                0x000028bc                CLOCK_HAL_SetOutDiv
 .text.OSC_HAL_SetCapacitor
                0x000028d8        0xe /home/milton/KSDK_1.2.0/lib/ksdk_platform_lib/kds/KL25Z4/debug/libksdk_platform.a(fsl_osc_hal.o)
                0x000028d8                OSC_HAL_SetCapacitor
 *fill*         0x000028e6        0x2 
 .text.CLOCK_HAL_TestOscFreq
                0x000028e8        0xc /home/milton/KSDK_1.2.0/lib/ksdk_platform_lib/kds/KL25Z4/debug/libksdk_platform.a(fsl_mcg_hal.o)
                0x000028e8                CLOCK_HAL_TestOscFreq
 .text.CLOCK_HAL_TestFllExternalRefFreq
                0x000028f4       0x36 /home/milton/KSDK_1.2.0/lib/ksdk_platform_lib/kds/KL25Z4/debug/libksdk_platform.a(fsl_mcg_hal.o)
                0x000028f4                CLOCK_HAL_TestFllExternalRefFreq
 *fill*         0x0000292a        0x2 
 .text.CLOCK_HAL_GetFllRefClk
                0x0000292c       0x44 /home/milton/KSDK_1.2.0/lib/ksdk_platform_lib/kds/KL25Z4/debug/libksdk_platform.a(fsl_mcg_hal.o)
                0x0000292c                CLOCK_HAL_GetFllRefClk
 .text.CLOCK_HAL_TestFllFreq
                0x00002970       0x38 /home/milton/KSDK_1.2.0/lib/ksdk_platform_lib/kds/KL25Z4/debug/libksdk_platform.a(fsl_mcg_hal.o)
                0x00002970                CLOCK_HAL_TestFllFreq
 .text.CLOCK_HAL_GetFllClk
                0x000029a8       0x40 /home/milton/KSDK_1.2.0/lib/ksdk_platform_lib/kds/KL25Z4/debug/libksdk_platform.a(fsl_mcg_hal.o)
                0x000029a8                CLOCK_HAL_GetFllClk
 .text.CLOCK_HAL_UpdateFastClkInternalRefDiv
                0x000029e8       0x60 /home/milton/KSDK_1.2.0/lib/ksdk_platform_lib/kds/KL25Z4/debug/libksdk_platform.a(fsl_mcg_hal.o)
                0x000029e8                CLOCK_HAL_UpdateFastClkInternalRefDiv
 .text.CLOCK_HAL_GetPll0Clk
                0x00002a48       0x48 /home/milton/KSDK_1.2.0/lib/ksdk_platform_lib/kds/KL25Z4/debug/libksdk_platform.a(fsl_mcg_hal.o)
                0x00002a48                CLOCK_HAL_GetPll0Clk
 .text.CLOCK_HAL_EnablePll0InFllMode
                0x00002a90       0x38 /home/milton/KSDK_1.2.0/lib/ksdk_platform_lib/kds/KL25Z4/debug/libksdk_platform.a(fsl_mcg_hal.o)
                0x00002a90                CLOCK_HAL_EnablePll0InFllMode
 .text.CLOCK_HAL_GetInternalRefClk
                0x00002ac8       0x40 /home/milton/KSDK_1.2.0/lib/ksdk_platform_lib/kds/KL25Z4/debug/libksdk_platform.a(fsl_mcg_hal.o)
                0x00002ac8                CLOCK_HAL_GetInternalRefClk
 .text.CLOCK_HAL_GetOutClk
                0x00002b08       0x48 /home/milton/KSDK_1.2.0/lib/ksdk_platform_lib/kds/KL25Z4/debug/libksdk_platform.a(fsl_mcg_hal.o)
                0x00002b08                CLOCK_HAL_GetOutClk
 .text.CLOCK_HAL_SetOsc0Mode
                0x00002b50       0x24 /home/milton/KSDK_1.2.0/lib/ksdk_platform_lib/kds/KL25Z4/debug/libksdk_platform.a(fsl_mcg_hal.o)
                0x00002b50                CLOCK_HAL_SetOsc0Mode
 .text.CLOCK_HAL_PrepareOsc.isra.0
                0x00002b74       0x1e /home/milton/KSDK_1.2.0/lib/ksdk_platform_lib/kds/KL25Z4/debug/libksdk_platform.a(fsl_mcg_hal_modes.o)
 *fill*         0x00002b92        0x2 
 .text.CLOCK_HAL_GetMcgMode
                0x00002b94       0x8c /home/milton/KSDK_1.2.0/lib/ksdk_platform_lib/kds/KL25Z4/debug/libksdk_platform.a(fsl_mcg_hal_modes.o)
                0x00002b94                CLOCK_HAL_GetMcgMode
 .text.CLOCK_HAL_SetFbiMode
                0x00002c20       0xc0 /home/milton/KSDK_1.2.0/lib/ksdk_platform_lib/kds/KL25Z4/debug/libksdk_platform.a(fsl_mcg_hal_modes.o)
                0x00002c20                CLOCK_HAL_SetFbiMode
 .text.CLOCK_HAL_SetFbeMode
                0x00002ce0       0xd0 /home/milton/KSDK_1.2.0/lib/ksdk_platform_lib/kds/KL25Z4/debug/libksdk_platform.a(fsl_mcg_hal_modes.o)
                0x00002ce0                CLOCK_HAL_SetFbeMode
 .text.CLOCK_HAL_SetPbeMode
                0x00002db0       0xc8 /home/milton/KSDK_1.2.0/lib/ksdk_platform_lib/kds/KL25Z4/debug/libksdk_platform.a(fsl_mcg_hal_modes.o)
                0x00002db0                CLOCK_HAL_SetPbeMode
 .text.LPTMR_HAL_SetTimerWorkingMode
                0x00002e78       0x3a /home/milton/KSDK_1.2.0/lib/ksdk_platform_lib/kds/KL25Z4/debug/libksdk_platform.a(fsl_lptmr_hal.o)
                0x00002e78                LPTMR_HAL_SetTimerWorkingMode
 .text.LPTMR_HAL_SetPrescalerMode
                0x00002eb2       0x1e /home/milton/KSDK_1.2.0/lib/ksdk_platform_lib/kds/KL25Z4/debug/libksdk_platform.a(fsl_lptmr_hal.o)
                0x00002eb2                LPTMR_HAL_SetPrescalerMode
 .text.LPTMR_HAL_GetCounterValue
                0x00002ed0       0x14 /home/milton/KSDK_1.2.0/lib/ksdk_platform_lib/kds/KL25Z4/debug/libksdk_platform.a(fsl_lptmr_hal.o)
                0x00002ed0                LPTMR_HAL_GetCounterValue
 .text.INT_SYS_EnableIRQGlobal
                0x00002ee4       0x18 /home/milton/KSDK_1.2.0/lib/ksdk_platform_lib/kds/KL25Z4/debug/libksdk_platform.a(fsl_interrupt_manager.o)
                0x00002ee4                INT_SYS_EnableIRQGlobal
 .text.INT_SYS_DisableIRQGlobal
                0x00002efc       0x10 /home/milton/KSDK_1.2.0/lib/ksdk_platform_lib/kds/KL25Z4/debug/libksdk_platform.a(fsl_interrupt_manager.o)
                0x00002efc                INT_SYS_DisableIRQGlobal
 .text.GPIO_HAL_SetPinDir
                0x00002f0c       0x40 /home/milton/KSDK_1.2.0/lib/ksdk_platform_lib/kds/KL25Z4/debug/libksdk_platform.a(fsl_gpio_hal.o)
                0x00002f0c                GPIO_HAL_SetPinDir
 .text.GPIO_HAL_WritePinOutput
                0x00002f4c       0x30 /home/milton/KSDK_1.2.0/lib/ksdk_platform_lib/kds/KL25Z4/debug/libksdk_platform.a(fsl_gpio_hal.o)
                0x00002f4c                GPIO_HAL_WritePinOutput
 .text.__assert_func
                0x00002f7c       0x3c /opt/Freescale/KDS_3.0.0/toolchain/bin/../lib/gcc/arm-none-eabi/4.8.4/../../../../arm-none-eabi/lib/armv6-m/libg_s.a(lib_a-assert.o)
                0x00002f7c                __assert_func
 .text.exit     0x00002fb8       0x2c /opt/Freescale/KDS_3.0.0/toolchain/bin/../lib/gcc/arm-none-eabi/4.8.4/../../../../arm-none-eabi/lib/armv6-m/libg_s.a(lib_a-exit.o)
                0x00002fb8                exit
 .text.fprintf  0x00002fe4       0x24 /opt/Freescale/KDS_3.0.0/toolchain/bin/../lib/gcc/arm-none-eabi/4.8.4/../../../../arm-none-eabi/lib/armv6-m/libg_s.a(lib_a-fprintf.o)
                0x00002fe4                fprintf
                0x00002fe4                fiprintf
 .text.__libc_init_array
                0x00003008       0x4c /opt/Freescale/KDS_3.0.0/toolchain/bin/../lib/gcc/arm-none-eabi/4.8.4/../../../../arm-none-eabi/lib/armv6-m/libg_s.a(lib_a-init.o)
                0x00003008                __libc_init_array
 .text.memcpy   0x00003054       0x12 /opt/Freescale/KDS_3.0.0/toolchain/bin/../lib/gcc/arm-none-eabi/4.8.4/../../../../arm-none-eabi/lib/armv6-m/libg_s.a(lib_a-memcpy-stub.o)
                0x00003054                memcpy
 .text.memset   0x00003066       0x10 /opt/Freescale/KDS_3.0.0/toolchain/bin/../lib/gcc/arm-none-eabi/4.8.4/../../../../arm-none-eabi/lib/armv6-m/libg_s.a(lib_a-memset.o)
                0x00003066                memset
 *fill*         0x00003076        0x2 
 .text._free_r  0x00003078       0x90 /opt/Freescale/KDS_3.0.0/toolchain/bin/../lib/gcc/arm-none-eabi/4.8.4/../../../../arm-none-eabi/lib/armv6-m/libg_s.a(lib_a-nano-freer.o)
                0x00003078                _free_r
 .text._malloc_r
                0x00003108       0xa8 /opt/Freescale/KDS_3.0.0/toolchain/bin/../lib/gcc/arm-none-eabi/4.8.4/../../../../arm-none-eabi/lib/armv6-m/libg_s.a(lib_a-nano-mallocr.o)
                0x00003108                _malloc_r
 .text._sbrk_r  0x000031b0       0x24 /opt/Freescale/KDS_3.0.0/toolchain/bin/../lib/gcc/arm-none-eabi/4.8.4/../../../../arm-none-eabi/lib/armv6-m/libg_s.a(lib_a-sbrkr.o)
                0x000031b0                _sbrk_r
 .text.strlen   0x000031d4        0xe /opt/Freescale/KDS_3.0.0/toolchain/bin/../lib/gcc/arm-none-eabi/4.8.4/../../../../arm-none-eabi/lib/armv6-m/libg_s.a(lib_a-strlen.o)
                0x000031d4                strlen
 .text.__sfputc_r
                0x000031e2       0x2a /opt/Freescale/KDS_3.0.0/toolchain/bin/../lib/gcc/arm-none-eabi/4.8.4/../../../../arm-none-eabi/lib/armv6-m/libg_s.a(lib_a-vfprintf.o)
 .text.__sfputs_r
                0x0000320c       0x24 /opt/Freescale/KDS_3.0.0/toolchain/bin/../lib/gcc/arm-none-eabi/4.8.4/../../../../arm-none-eabi/lib/armv6-m/libg_s.a(lib_a-vfprintf.o)
                0x0000320c                __sfputs_r
 .text._vfprintf_r
                0x00003230      0x210 /opt/Freescale/KDS_3.0.0/toolchain/bin/../lib/gcc/arm-none-eabi/4.8.4/../../../../arm-none-eabi/lib/armv6-m/libg_s.a(lib_a-vfprintf.o)
                0x00003230                _vfiprintf_r
                0x00003230                _vfprintf_r
 .text._printf_common
                0x00003440       0xe8 /opt/Freescale/KDS_3.0.0/toolchain/bin/../lib/gcc/arm-none-eabi/4.8.4/../../../../arm-none-eabi/lib/armv6-m/libg_s.a(lib_a-vfprintf_i.o)
                0x00003440                _printf_common
 .text._printf_i
                0x00003528      0x22c /opt/Freescale/KDS_3.0.0/toolchain/bin/../lib/gcc/arm-none-eabi/4.8.4/../../../../arm-none-eabi/lib/armv6-m/libg_s.a(lib_a-vfprintf_i.o)
                0x00003528                _printf_i
 .text.__swbuf_r
                0x00003754       0xb0 /opt/Freescale/KDS_3.0.0/toolchain/bin/../lib/gcc/arm-none-eabi/4.8.4/../../../../arm-none-eabi/lib/armv6-m/libg_s.a(lib_a-wbuf.o)
                0x00003754                __swbuf_r
 .text.__swsetup_r
                0x00003804       0xe4 /opt/Freescale/KDS_3.0.0/toolchain/bin/../lib/gcc/arm-none-eabi/4.8.4/../../../../arm-none-eabi/lib/armv6-m/libg_s.a(lib_a-wsetup.o)
                0x00003804                __swsetup_r
 .text.abort    0x000038e8        0xe /opt/Freescale/KDS_3.0.0/toolchain/bin/../lib/gcc/arm-none-eabi/4.8.4/../../../../arm-none-eabi/lib/armv6-m/libg_s.a(lib_a-abort.o)
                0x000038e8                abort
 .text.__sflush_r
                0x000038f6      0x112 /opt/Freescale/KDS_3.0.0/toolchain/bin/../lib/gcc/arm-none-eabi/4.8.4/../../../../arm-none-eabi/lib/armv6-m/libg_s.a(lib_a-fflush.o)
                0x000038f6                __sflush_r
 .text._fflush_r
                0x00003a08       0x58 /opt/Freescale/KDS_3.0.0/toolchain/bin/../lib/gcc/arm-none-eabi/4.8.4/../../../../arm-none-eabi/lib/armv6-m/libg_s.a(lib_a-fflush.o)
                0x00003a08                _fflush_r
 .text._cleanup_r
                0x00003a60       0x34 /opt/Freescale/KDS_3.0.0/toolchain/bin/../lib/gcc/arm-none-eabi/4.8.4/../../../../arm-none-eabi/lib/armv6-m/libg_s.a(lib_a-findfp.o)
                0x00003a60                _cleanup_r
 .text.std.isra.0
                0x00003a94       0x48 /opt/Freescale/KDS_3.0.0/toolchain/bin/../lib/gcc/arm-none-eabi/4.8.4/../../../../arm-none-eabi/lib/armv6-m/libg_s.a(lib_a-findfp.o)
 .text.__sfmoreglue
                0x00003adc       0x2c /opt/Freescale/KDS_3.0.0/toolchain/bin/../lib/gcc/arm-none-eabi/4.8.4/../../../../arm-none-eabi/lib/armv6-m/libg_s.a(lib_a-findfp.o)
                0x00003adc                __sfmoreglue
 .text.__sinit  0x00003b08       0x64 /opt/Freescale/KDS_3.0.0/toolchain/bin/../lib/gcc/arm-none-eabi/4.8.4/../../../../arm-none-eabi/lib/armv6-m/libg_s.a(lib_a-findfp.o)
                0x00003b08                __sinit
 .text.__sfp    0x00003b6c       0x7c /opt/Freescale/KDS_3.0.0/toolchain/bin/../lib/gcc/arm-none-eabi/4.8.4/../../../../arm-none-eabi/lib/armv6-m/libg_s.a(lib_a-findfp.o)
                0x00003b6c                __sfp
 .text.__smakebuf_r
                0x00003be8       0xa0 /opt/Freescale/KDS_3.0.0/toolchain/bin/../lib/gcc/arm-none-eabi/4.8.4/../../../../arm-none-eabi/lib/armv6-m/libg_s.a(lib_a-makebuf.o)
                0x00003be8                __smakebuf_r
 .text.memchr   0x00003c88       0x16 /opt/Freescale/KDS_3.0.0/toolchain/bin/../lib/gcc/arm-none-eabi/4.8.4/../../../../arm-none-eabi/lib/armv6-m/libg_s.a(lib_a-memchr-stub.o)
                0x00003c88                memchr
 .text._raise_r
                0x00003c9e       0x56 /opt/Freescale/KDS_3.0.0/toolchain/bin/../lib/gcc/arm-none-eabi/4.8.4/../../../../arm-none-eabi/lib/armv6-m/libg_s.a(lib_a-signal.o)
                0x00003c9e                _raise_r
 .text.raise    0x00003cf4       0x14 /opt/Freescale/KDS_3.0.0/toolchain/bin/../lib/gcc/arm-none-eabi/4.8.4/../../../../arm-none-eabi/lib/armv6-m/libg_s.a(lib_a-signal.o)
                0x00003cf4                raise
 .text._kill_r  0x00003d08       0x24 /opt/Freescale/KDS_3.0.0/toolchain/bin/../lib/gcc/arm-none-eabi/4.8.4/../../../../arm-none-eabi/lib/armv6-m/libg_s.a(lib_a-signalr.o)
                0x00003d08                _kill_r
 .text._getpid_r
                0x00003d2c        0x8 /opt/Freescale/KDS_3.0.0/toolchain/bin/../lib/gcc/arm-none-eabi/4.8.4/../../../../arm-none-eabi/lib/armv6-m/libg_s.a(lib_a-signalr.o)
                0x00003d2c                _getpid_r
 .text.__sread  0x00003d34       0x28 /opt/Freescale/KDS_3.0.0/toolchain/bin/../lib/gcc/arm-none-eabi/4.8.4/../../../../arm-none-eabi/lib/armv6-m/libg_s.a(lib_a-stdio.o)
                0x00003d34                __sread
 .text.__swrite
                0x00003d5c       0x38 /opt/Freescale/KDS_3.0.0/toolchain/bin/../lib/gcc/arm-none-eabi/4.8.4/../../../../arm-none-eabi/lib/armv6-m/libg_s.a(lib_a-stdio.o)
                0x00003d5c                __swrite
 .text.__sseek  0x00003d94       0x2c /opt/Freescale/KDS_3.0.0/toolchain/bin/../lib/gcc/arm-none-eabi/4.8.4/../../../../arm-none-eabi/lib/armv6-m/libg_s.a(lib_a-stdio.o)
                0x00003d94                __sseek
 .text.__sclose
                0x00003dc0        0xc /opt/Freescale/KDS_3.0.0/toolchain/bin/../lib/gcc/arm-none-eabi/4.8.4/../../../../arm-none-eabi/lib/armv6-m/libg_s.a(lib_a-stdio.o)
                0x00003dc0                __sclose
 .text._write_r
                0x00003dcc       0x28 /opt/Freescale/KDS_3.0.0/toolchain/bin/../lib/gcc/arm-none-eabi/4.8.4/../../../../arm-none-eabi/lib/armv6-m/libg_s.a(lib_a-writer.o)
                0x00003dcc                _write_r
 .text._close_r
                0x00003df4       0x24 /opt/Freescale/KDS_3.0.0/toolchain/bin/../lib/gcc/arm-none-eabi/4.8.4/../../../../arm-none-eabi/lib/armv6-m/libg_s.a(lib_a-closer.o)
                0x00003df4                _close_r
 .text._fstat_r
                0x00003e18       0x24 /opt/Freescale/KDS_3.0.0/toolchain/bin/../lib/gcc/arm-none-eabi/4.8.4/../../../../arm-none-eabi/lib/armv6-m/libg_s.a(lib_a-fstatr.o)
                0x00003e18                _fstat_r
 .text._isatty_r
                0x00003e3c       0x24 /opt/Freescale/KDS_3.0.0/toolchain/bin/../lib/gcc/arm-none-eabi/4.8.4/../../../../arm-none-eabi/lib/armv6-m/libg_s.a(lib_a-isattyr.o)
                0x00003e3c                _isatty_r
 .text._lseek_r
                0x00003e60       0x28 /opt/Freescale/KDS_3.0.0/toolchain/bin/../lib/gcc/arm-none-eabi/4.8.4/../../../../arm-none-eabi/lib/armv6-m/libg_s.a(lib_a-lseekr.o)
                0x00003e60                _lseek_r
 .text._read_r  0x00003e88       0x28 /opt/Freescale/KDS_3.0.0/toolchain/bin/../lib/gcc/arm-none-eabi/4.8.4/../../../../arm-none-eabi/lib/armv6-m/libg_s.a(lib_a-readr.o)
                0x00003e88                _read_r
 .text._close   0x00003eb0       0x10 /opt/Freescale/KDS_3.0.0/toolchain/bin/../lib/gcc/arm-none-eabi/4.8.4/../../../../arm-none-eabi/lib/armv6-m/libnosys.a(close.o)
                0x00003eb0                _close
 .text._fstat   0x00003ec0       0x10 /opt/Freescale/KDS_3.0.0/toolchain/bin/../lib/gcc/arm-none-eabi/4.8.4/../../../../arm-none-eabi/lib/armv6-m/libnosys.a(fstat.o)
                0x00003ec0                _fstat
 .text._getpid  0x00003ed0       0x10 /opt/Freescale/KDS_3.0.0/toolchain/bin/../lib/gcc/arm-none-eabi/4.8.4/../../../../arm-none-eabi/lib/armv6-m/libnosys.a(getpid.o)
                0x00003ed0                _getpid
 .text._isatty  0x00003ee0       0x10 /opt/Freescale/KDS_3.0.0/toolchain/bin/../lib/gcc/arm-none-eabi/4.8.4/../../../../arm-none-eabi/lib/armv6-m/libnosys.a(isatty.o)
                0x00003ee0                _isatty
 .text._kill    0x00003ef0       0x10 /opt/Freescale/KDS_3.0.0/toolchain/bin/../lib/gcc/arm-none-eabi/4.8.4/../../../../arm-none-eabi/lib/armv6-m/libnosys.a(kill.o)
                0x00003ef0                _kill
 .text._lseek   0x00003f00       0x10 /opt/Freescale/KDS_3.0.0/toolchain/bin/../lib/gcc/arm-none-eabi/4.8.4/../../../../arm-none-eabi/lib/armv6-m/libnosys.a(lseek.o)
                0x00003f00                _lseek
 .text._sbrk    0x00003f10       0x34 /opt/Freescale/KDS_3.0.0/toolchain/bin/../lib/gcc/arm-none-eabi/4.8.4/../../../../arm-none-eabi/lib/armv6-m/libnosys.a(sbrk.o)
                0x00003f10                _sbrk
 .text._exit    0x00003f44        0x4 /opt/Freescale/KDS_3.0.0/toolchain/bin/../lib/gcc/arm-none-eabi/4.8.4/../../../../arm-none-eabi/lib/armv6-m/libnosys.a(_exit.o)
                0x00003f44                _exit
 *(.rodata)
 .rodata        0x00003f48        0xc ./utilities/fsl_debug_console.o
 .rodata        0x00003f54       0x44 ./board/board.o
 .rodata        0x00003f98       0x44 ./board/pin_mux.o
 .rodata        0x00003fdc       0x24 ./Sources/main.o
 .rodata        0x00004000       0xa8 ./Sources/tsi_kl25z.o
 *(.rodata*)
 .rodata._doprint
                0x000040a8       0xc8 ./utilities/print_scan.o
 .rodata.g_defaultClockConfigRun
                0x00004170       0x14 ./board/board.o
                0x00004170                g_defaultClockConfigRun
 .rodata.__func__.4995
                0x00004184       0x14 ./board/board.o
 .rodata.__func__.4973
                0x00004198       0x14 ./board/pin_mux.o
 .rodata.tsiHwConfig
                0x000041ac        0xc ./Sources/tsi_kl25z.o
 .rodata.tsiConfig
                0x000041b8        0xc ./Sources/tsi_kl25z.o
 .rodata.__func__.6885
                0x000041c4        0xd /home/milton/KSDK_1.2.0/lib/ksdk_platform_lib/kds/KL25Z4/debug/libksdk_platform.a(fsl_tsi_driver.o)
 .rodata.str1.1
                0x000041d1       0xe3 /home/milton/KSDK_1.2.0/lib/ksdk_platform_lib/kds/KL25Z4/debug/libksdk_platform.a(fsl_tsi_driver.o)
 .rodata.__func__.6909
                0x000042b4       0x18 /home/milton/KSDK_1.2.0/lib/ksdk_platform_lib/kds/KL25Z4/debug/libksdk_platform.a(fsl_tsi_driver.o)
 .rodata.__func__.6867
                0x000042cc       0x12 /home/milton/KSDK_1.2.0/lib/ksdk_platform_lib/kds/KL25Z4/debug/libksdk_platform.a(fsl_tsi_driver.o)
 .rodata.__func__.6918
                0x000042de       0x15 /home/milton/KSDK_1.2.0/lib/ksdk_platform_lib/kds/KL25Z4/debug/libksdk_platform.a(fsl_tsi_driver.o)
 .rodata.__func__.5439
                0x000042f3       0x21 /home/milton/KSDK_1.2.0/lib/ksdk_platform_lib/kds/KL25Z4/debug/libksdk_platform.a(fsl_tsi_v4_driver_specific.o)
 .rodata.__func__.6888
                0x00004314       0x18 /home/milton/KSDK_1.2.0/lib/ksdk_platform_lib/kds/KL25Z4/debug/libksdk_platform.a(fsl_tsi_v4_driver_specific.o)
 .rodata.__func__.6895
                0x0000432c       0x13 /home/milton/KSDK_1.2.0/lib/ksdk_platform_lib/kds/KL25Z4/debug/libksdk_platform.a(fsl_tsi_v4_driver_specific.o)
 .rodata.str1.1
                0x0000433f       0xb8 /home/milton/KSDK_1.2.0/lib/ksdk_platform_lib/kds/KL25Z4/debug/libksdk_platform.a(fsl_tsi_v4_driver_specific.o)
                                 0xe4 (size before relaxing)
 .rodata.__func__.6900
                0x000043f7       0x10 /home/milton/KSDK_1.2.0/lib/ksdk_platform_lib/kds/KL25Z4/debug/libksdk_platform.a(fsl_tsi_v4_driver_specific.o)
 .rodata.str1.1
                0x00004407       0x71 /home/milton/KSDK_1.2.0/lib/ksdk_platform_lib/kds/KL25Z4/debug/libksdk_platform.a(fsl_gpio_driver.o)
                                 0xe6 (size before relaxing)
 .rodata.__func__.4973
                0x00004478       0x14 /home/milton/KSDK_1.2.0/lib/ksdk_platform_lib/kds/KL25Z4/debug/libksdk_platform.a(fsl_gpio_driver.o)
 .rodata.__func__.6307
                0x0000448c       0x1b /home/milton/KSDK_1.2.0/lib/ksdk_platform_lib/kds/KL25Z4/debug/libksdk_platform.a(fsl_clock_MKL25Z4.o)
 .rodata.uartGateTable
                0x000044a7        0x3 /home/milton/KSDK_1.2.0/lib/ksdk_platform_lib/kds/KL25Z4/debug/libksdk_platform.a(fsl_clock_MKL25Z4.o)
 .rodata.__func__.6521
                0x000044aa       0x1a /home/milton/KSDK_1.2.0/lib/ksdk_platform_lib/kds/KL25Z4/debug/libksdk_platform.a(fsl_clock_MKL25Z4.o)
 .rodata.portGateTable
                0x000044c4        0x5 /home/milton/KSDK_1.2.0/lib/ksdk_platform_lib/kds/KL25Z4/debug/libksdk_platform.a(fsl_clock_MKL25Z4.o)
 .rodata.__func__.6516
                0x000044c9       0x1b /home/milton/KSDK_1.2.0/lib/ksdk_platform_lib/kds/KL25Z4/debug/libksdk_platform.a(fsl_clock_MKL25Z4.o)
 .rodata.str1.1
                0x000044e4      0x225 /home/milton/KSDK_1.2.0/lib/ksdk_platform_lib/kds/KL25Z4/debug/libksdk_platform.a(fsl_clock_MKL25Z4.o)
 .rodata.__func__.6443
                0x00004709       0x1a /home/milton/KSDK_1.2.0/lib/ksdk_platform_lib/kds/KL25Z4/debug/libksdk_platform.a(fsl_clock_MKL25Z4.o)
 .rodata.__func__.6545
                0x00004723       0x12 /home/milton/KSDK_1.2.0/lib/ksdk_platform_lib/kds/KL25Z4/debug/libksdk_platform.a(fsl_clock_manager.o)
 .rodata.__func__.6562
                0x00004735       0x15 /home/milton/KSDK_1.2.0/lib/ksdk_platform_lib/kds/KL25Z4/debug/libksdk_platform.a(fsl_clock_manager.o)
 .rodata.str1.1
                0x0000474a       0xaf /home/milton/KSDK_1.2.0/lib/ksdk_platform_lib/kds/KL25Z4/debug/libksdk_platform.a(fsl_clock_manager.o)
 *fill*         0x000047f9        0x3 
 .rodata.g_oscBase
                0x000047fc        0x4 /home/milton/KSDK_1.2.0/lib/ksdk_platform_lib/kds/KL25Z4/debug/libksdk_platform.a(fsl_clock_manager_common.o)
                0x000047fc                g_oscBase
 .rodata.__func__.6454
                0x00004800       0x10 /home/milton/KSDK_1.2.0/lib/ksdk_platform_lib/kds/KL25Z4/debug/libksdk_platform.a(fsl_os_abstraction_bm.o)
 .rodata.__func__.6446
                0x00004810        0xd /home/milton/KSDK_1.2.0/lib/ksdk_platform_lib/kds/KL25Z4/debug/libksdk_platform.a(fsl_os_abstraction_bm.o)
 .rodata.__func__.6464
                0x0000481d       0x10 /home/milton/KSDK_1.2.0/lib/ksdk_platform_lib/kds/KL25Z4/debug/libksdk_platform.a(fsl_os_abstraction_bm.o)
 .rodata.__func__.6460
                0x0000482d        0xe /home/milton/KSDK_1.2.0/lib/ksdk_platform_lib/kds/KL25Z4/debug/libksdk_platform.a(fsl_os_abstraction_bm.o)
 .rodata.str1.1
                0x0000483b       0x6b /home/milton/KSDK_1.2.0/lib/ksdk_platform_lib/kds/KL25Z4/debug/libksdk_platform.a(fsl_os_abstraction_bm.o)
 .rodata.__func__.6436
                0x000048a6        0xf /home/milton/KSDK_1.2.0/lib/ksdk_platform_lib/kds/KL25Z4/debug/libksdk_platform.a(fsl_os_abstraction_bm.o)
 .rodata.__func__.6442
                0x000048b5        0xd /home/milton/KSDK_1.2.0/lib/ksdk_platform_lib/kds/KL25Z4/debug/libksdk_platform.a(fsl_os_abstraction_bm.o)
 .rodata.str1.1
                0x000048c2       0x85 /home/milton/KSDK_1.2.0/lib/ksdk_platform_lib/kds/KL25Z4/debug/libksdk_platform.a(fsl_tsi_v4_hal_specific.o)
                                 0xe7 (size before relaxing)
 .rodata.__func__.5131
                0x00004947       0x18 /home/milton/KSDK_1.2.0/lib/ksdk_platform_lib/kds/KL25Z4/debug/libksdk_platform.a(fsl_tsi_v4_hal_specific.o)
 .rodata.__func__.5136
                0x0000495f       0x19 /home/milton/KSDK_1.2.0/lib/ksdk_platform_lib/kds/KL25Z4/debug/libksdk_platform.a(fsl_tsi_v4_hal_specific.o)
 .rodata.__func__.5228
                0x00004978       0x19 /home/milton/KSDK_1.2.0/lib/ksdk_platform_lib/kds/KL25Z4/debug/libksdk_platform.a(fsl_tsi_v4_hal_specific.o)
 *fill*         0x00004991        0x3 
 .rodata.g_tsiBase
                0x00004994        0x4 /home/milton/KSDK_1.2.0/lib/ksdk_platform_lib/kds/KL25Z4/debug/libksdk_platform.a(fsl_tsi_common.o)
                0x00004994                g_tsiBase
 .rodata.g_tsiIrqId
                0x00004998        0x1 /home/milton/KSDK_1.2.0/lib/ksdk_platform_lib/kds/KL25Z4/debug/libksdk_platform.a(fsl_tsi_common.o)
                0x00004998                g_tsiIrqId
 *fill*         0x00004999        0x3 
 .rodata.g_rtcBase
                0x0000499c        0x4 /home/milton/KSDK_1.2.0/lib/ksdk_platform_lib/kds/KL25Z4/debug/libksdk_platform.a(fsl_rtc_common.o)
                0x0000499c                g_rtcBase
 .rodata.fllFactorTable.5183
                0x000049a0       0x10 /home/milton/KSDK_1.2.0/lib/ksdk_platform_lib/kds/KL25Z4/debug/libksdk_platform.a(fsl_mcg_hal.o)
 .rodata.__func__.5054
                0x000049b0       0x13 /home/milton/KSDK_1.2.0/lib/ksdk_platform_lib/kds/KL25Z4/debug/libksdk_platform.a(fsl_gpio_hal.o)
 .rodata.__func__.5060
                0x000049c3       0x18 /home/milton/KSDK_1.2.0/lib/ksdk_platform_lib/kds/KL25Z4/debug/libksdk_platform.a(fsl_gpio_hal.o)
 .rodata.str1.1
                0x000049db       0x3d /home/milton/KSDK_1.2.0/lib/ksdk_platform_lib/kds/KL25Z4/debug/libksdk_platform.a(fsl_gpio_hal.o)
                                 0x46 (size before relaxing)
 .rodata.g_gpioBase
                0x00004a18       0x14 /home/milton/KSDK_1.2.0/lib/ksdk_platform_lib/kds/KL25Z4/debug/libksdk_platform.a(fsl_gpio_common.o)
                0x00004a18                g_gpioBase
 .rodata.g_portBase
                0x00004a2c       0x14 /home/milton/KSDK_1.2.0/lib/ksdk_platform_lib/kds/KL25Z4/debug/libksdk_platform.a(fsl_gpio_common.o)
                0x00004a2c                g_portBase
 .rodata.str1.1
                0x00004a40       0x3c /opt/Freescale/KDS_3.0.0/toolchain/bin/../lib/gcc/arm-none-eabi/4.8.4/../../../../arm-none-eabi/lib/armv6-m/libg_s.a(lib_a-assert.o)
                                 0x3d (size before relaxing)
 .rodata.str1.1
                0x00004a7c        0x2 /opt/Freescale/KDS_3.0.0/toolchain/bin/../lib/gcc/arm-none-eabi/4.8.4/../../../../arm-none-eabi/lib/armv6-m/libg_s.a(lib_a-impure.o)
 *fill*         0x00004a7e        0x2 
 .rodata._global_impure_ptr
                0x00004a80        0x4 /opt/Freescale/KDS_3.0.0/toolchain/bin/../lib/gcc/arm-none-eabi/4.8.4/../../../../arm-none-eabi/lib/armv6-m/libg_s.a(lib_a-impure.o)
                0x00004a80                _global_impure_ptr
 .rodata.str1.1
                0x00004a84       0x11 /opt/Freescale/KDS_3.0.0/toolchain/bin/../lib/gcc/arm-none-eabi/4.8.4/../../../../arm-none-eabi/lib/armv6-m/libg_s.a(lib_a-vfprintf.o)
 .rodata.str1.1
                0x00004a95       0x22 /opt/Freescale/KDS_3.0.0/toolchain/bin/../lib/gcc/arm-none-eabi/4.8.4/../../../../arm-none-eabi/lib/armv6-m/libg_s.a(lib_a-vfprintf_i.o)
 *fill*         0x00004ab7        0x1 
 .rodata.__sf_fake_stdin
                0x00004ab8       0x20 /opt/Freescale/KDS_3.0.0/toolchain/bin/../lib/gcc/arm-none-eabi/4.8.4/../../../../arm-none-eabi/lib/armv6-m/libg_s.a(lib_a-findfp.o)
                0x00004ab8                __sf_fake_stdin
 .rodata.__sf_fake_stdout
                0x00004ad8       0x20 /opt/Freescale/KDS_3.0.0/toolchain/bin/../lib/gcc/arm-none-eabi/4.8.4/../../../../arm-none-eabi/lib/armv6-m/libg_s.a(lib_a-findfp.o)
                0x00004ad8                __sf_fake_stdout
 .rodata.__sf_fake_stderr
                0x00004af8       0x20 /opt/Freescale/KDS_3.0.0/toolchain/bin/../lib/gcc/arm-none-eabi/4.8.4/../../../../arm-none-eabi/lib/armv6-m/libg_s.a(lib_a-findfp.o)
                0x00004af8                __sf_fake_stderr
 *(.glue_7)
 .glue_7        0x00000000        0x0 linker stubs
 *(.glue_7t)
 .glue_7t       0x00000000        0x0 linker stubs
 *(.eh_frame)
 .eh_frame      0x00004b18        0x0 /opt/Freescale/KDS_3.0.0/toolchain/bin/../lib/gcc/arm-none-eabi/4.8.4/armv6-m/crtbegin.o
 *(.init)
 .init          0x00004b18        0x4 /opt/Freescale/KDS_3.0.0/toolchain/bin/../lib/gcc/arm-none-eabi/4.8.4/armv6-m/crti.o
                0x00004b18                _init
 .init          0x00004b1c        0x8 /opt/Freescale/KDS_3.0.0/toolchain/bin/../lib/gcc/arm-none-eabi/4.8.4/armv6-m/crtn.o
 *(.fini)
 .fini          0x00004b24        0x4 /opt/Freescale/KDS_3.0.0/toolchain/bin/../lib/gcc/arm-none-eabi/4.8.4/armv6-m/crti.o
                0x00004b24                _fini
 .fini          0x00004b28        0x8 /opt/Freescale/KDS_3.0.0/toolchain/bin/../lib/gcc/arm-none-eabi/4.8.4/armv6-m/crtn.o
                0x00004b30                . = ALIGN (0x4)

.vfp11_veneer   0x00004b30        0x0
 .vfp11_veneer  0x00000000        0x0 linker stubs

.v4_bx          0x00004b30        0x0
 .v4_bx         0x00000000        0x0 linker stubs

.iplt           0x00004b30        0x0
 .iplt          0x00000000        0x0 /opt/Freescale/KDS_3.0.0/toolchain/bin/../lib/gcc/arm-none-eabi/4.8.4/armv6-m/crtbegin.o

.ARM.extab
 *(.ARM.extab* .gnu.linkonce.armextab.*)

.ARM            0x00004b30        0x8
                0x00004b30                __exidx_start = .
 *(.ARM.exidx*)
 .ARM.exidx     0x00004b30        0x8 /opt/Freescale/KDS_3.0.0/toolchain/bin/../lib/gcc/arm-none-eabi/4.8.4/../../../../arm-none-eabi/lib/armv6-m/crt0.o
                0x00004b38                __exidx_end = .

.rel.dyn        0x00004b38        0x0
 .rel.iplt      0x00000000        0x0 /opt/Freescale/KDS_3.0.0/toolchain/bin/../lib/gcc/arm-none-eabi/4.8.4/armv6-m/crtbegin.o

.ctors          0x00004b38        0x0
                0x00004b38                __CTOR_LIST__ = .
 *crtbegin.o(.ctors)
 *crtbegin?.o(.ctors)
 *(EXCLUDE_FILE(*crtend.o *crtend?.o) .ctors)
 *(SORT(.ctors.*))
 *(.ctors)
                0x00004b38                __CTOR_END__ = .

.dtors          0x00004b38        0x0
                0x00004b38                __DTOR_LIST__ = .
 *crtbegin.o(.dtors)
 *crtbegin?.o(.dtors)
 *(EXCLUDE_FILE(*crtend.o *crtend?.o) .dtors)
 *(SORT(.dtors.*))
 *(.dtors)
                0x00004b38                __DTOR_END__ = .

.preinit_array  0x00004b38        0x0
                0x00004b38                PROVIDE (__preinit_array_start, .)
 *(.preinit_array*)
                0x00004b38                PROVIDE (__preinit_array_end, .)

.init_array     0x00004b38        0x4
                0x00004b38                PROVIDE (__init_array_start, .)
 *(SORT(.init_array.*))
 *(.init_array*)
 .init_array    0x00004b38        0x4 /opt/Freescale/KDS_3.0.0/toolchain/bin/../lib/gcc/arm-none-eabi/4.8.4/armv6-m/crtbegin.o
                0x00004b3c                PROVIDE (__init_array_end, .)

.fini_array     0x00004b3c        0x4
                0x00004b3c                PROVIDE (__fini_array_start, .)
 *(SORT(.fini_array.*))
 *(.fini_array*)
 .fini_array    0x00004b3c        0x4 /opt/Freescale/KDS_3.0.0/toolchain/bin/../lib/gcc/arm-none-eabi/4.8.4/armv6-m/crtbegin.o
                0x00004b40                PROVIDE (__fini_array_end, .)
                0x00004b40                __etext = .
                0x00004b40                __DATA_ROM = .

.mtb            0x1ffff000        0x0
                0x1ffff000                . = ALIGN (0x8)
                0x1ffff000                _mtb_start = .
 *(.mtb_buf)
                0x1ffff000                . = ALIGN (0x8)
                0x1ffff000                _mtb_end = .

.interrupts_ram
                0x1ffff000        0x0
                0x1ffff000                . = ALIGN (0x4)
                0x1ffff000                __VECTOR_RAM__ = .
                0x1ffff000                __interrupts_ram_start__ = .
 *(.m_interrupts_ram)
                0x1ffff000                . = (. + M_VECTOR_RAM_SIZE)
                0x1ffff000                . = ALIGN (0x4)
                0x1ffff000                __interrupts_ram_end__ = .
                0x00000000                __VECTOR_RAM = DEFINED (__ram_vector_table__)?__VECTOR_RAM__:ORIGIN (m_interrupts)
                0x00000000                __RAM_VECTOR_TABLE_SIZE_BYTES = DEFINED (__ram_vector_table__)?(__interrupts_ram_end__ - __interrupts_ram_start__):0x0

.data           0x1ffff000       0xa4 load address 0x00004b40
                0x1ffff000                . = ALIGN (0x4)
                0x1ffff000                __DATA_RAM = .
                0x1ffff000                __data_start__ = .
 *(.data)
 *(.data*)
 .data.SystemCoreClock
                0x1ffff000        0x4 ./startup/system_MKL25Z4.o
                0x1ffff000                SystemCoreClock
 .data.ledPins  0x1ffff004       0x30 ./board/gpio_pins.o
                0x1ffff004                ledPins
 .data.g_slowInternalRefClkFreq
                0x1ffff034        0x4 /home/milton/KSDK_1.2.0/lib/ksdk_platform_lib/kds/KL25Z4/debug/libksdk_platform.a(fsl_mcg_hal.o)
                0x1ffff034                g_slowInternalRefClkFreq
 .data.g_fastInternalRefClkFreq
                0x1ffff038        0x4 /home/milton/KSDK_1.2.0/lib/ksdk_platform_lib/kds/KL25Z4/debug/libksdk_platform.a(fsl_mcg_hal.o)
                0x1ffff038                g_fastInternalRefClkFreq
 .data.impure_data
                0x1ffff03c       0x60 /opt/Freescale/KDS_3.0.0/toolchain/bin/../lib/gcc/arm-none-eabi/4.8.4/../../../../arm-none-eabi/lib/armv6-m/libg_s.a(lib_a-impure.o)
 .data._impure_ptr
                0x1ffff09c        0x4 /opt/Freescale/KDS_3.0.0/toolchain/bin/../lib/gcc/arm-none-eabi/4.8.4/../../../../arm-none-eabi/lib/armv6-m/libg_s.a(lib_a-impure.o)
                0x1ffff09c                _impure_ptr
 *(.jcr*)
 .jcr           0x1ffff0a0        0x0 /opt/Freescale/KDS_3.0.0/toolchain/bin/../lib/gcc/arm-none-eabi/4.8.4/armv6-m/crtbegin.o
 .jcr           0x1ffff0a0        0x4 /opt/Freescale/KDS_3.0.0/toolchain/bin/../lib/gcc/arm-none-eabi/4.8.4/armv6-m/crtend.o
                0x1ffff0a4                . = ALIGN (0x4)
                0x1ffff0a4                __data_end__ = .
                0x00004be4                __DATA_END = (__DATA_ROM + (__data_end__ - __data_start__))

.igot.plt       0x1ffff0a4        0x0 load address 0x00004be4
 .igot.plt      0x00000000        0x0 /opt/Freescale/KDS_3.0.0/toolchain/bin/../lib/gcc/arm-none-eabi/4.8.4/armv6-m/crtbegin.o

.bss            0x1ffff0a4      0x13c load address 0x00004be4
                0x1ffff0a4                . = ALIGN (0x4)
                0x1ffff0a4                __START_BSS = .
                0x1ffff0a4                __bss_start__ = .
 *(.bss)
 .bss           0x1ffff0a4       0x1c /opt/Freescale/KDS_3.0.0/toolchain/bin/../lib/gcc/arm-none-eabi/4.8.4/armv6-m/crtbegin.o
 *(.bss*)
 .bss.s_debugConsole
                0x1ffff0c0       0x10 ./utilities/fsl_debug_console.o
 .bss.myTsiState
                0x1ffff0d0       0x84 ./Sources/tsi_kl25z.o
 .bss.tsiChn    0x1ffff154        0x4 ./Sources/tsi_kl25z.o
 .bss.g_freeTaskControlBlock
                0x1ffff158        0x4 /home/milton/KSDK_1.2.0/lib/ksdk_platform_lib/kds/KL25Z4/debug/libksdk_platform.a(fsl_os_abstraction_bm.o)
 .bss.g_taskListHead
                0x1ffff15c       0x10 /home/milton/KSDK_1.2.0/lib/ksdk_platform_lib/kds/KL25Z4/debug/libksdk_platform.a(fsl_os_abstraction_bm.o)
 .bss.g_taskControlBlockPool
                0x1ffff16c       0x50 /home/milton/KSDK_1.2.0/lib/ksdk_platform_lib/kds/KL25Z4/debug/libksdk_platform.a(fsl_os_abstraction_bm.o)
 .bss.tsi_hal_gencs
                0x1ffff1bc        0x4 /home/milton/KSDK_1.2.0/lib/ksdk_platform_lib/kds/KL25Z4/debug/libksdk_platform.a(fsl_tsi_v4_hal_specific.o)
                0x1ffff1bc                tsi_hal_gencs
 .bss.g_tsiStatePtr
                0x1ffff1c0        0x4 /home/milton/KSDK_1.2.0/lib/ksdk_platform_lib/kds/KL25Z4/debug/libksdk_platform.a(fsl_tsi_common.o)
                0x1ffff1c0                g_tsiStatePtr
 .bss.g_xtal0ClkFreq
                0x1ffff1c4        0x4 /home/milton/KSDK_1.2.0/lib/ksdk_platform_lib/kds/KL25Z4/debug/libksdk_platform.a(fsl_mcg_hal.o)
                0x1ffff1c4                g_xtal0ClkFreq
 .bss.g_xtalRtcClkFreq
                0x1ffff1c8        0x4 /home/milton/KSDK_1.2.0/lib/ksdk_platform_lib/kds/KL25Z4/debug/libksdk_platform.a(fsl_mcg_hal.o)
                0x1ffff1c8                g_xtalRtcClkFreq
 .bss.g_interruptDisableCount
                0x1ffff1cc        0x4 /home/milton/KSDK_1.2.0/lib/ksdk_platform_lib/kds/KL25Z4/debug/libksdk_platform.a(fsl_interrupt_manager.o)
                0x1ffff1cc                g_interruptDisableCount
 .bss.__malloc_sbrk_start
                0x1ffff1d0        0x4 /opt/Freescale/KDS_3.0.0/toolchain/bin/../lib/gcc/arm-none-eabi/4.8.4/../../../../arm-none-eabi/lib/armv6-m/libg_s.a(lib_a-nano-mallocr.o)
                0x1ffff1d0                __malloc_sbrk_start
 .bss.__malloc_free_list
                0x1ffff1d4        0x4 /opt/Freescale/KDS_3.0.0/toolchain/bin/../lib/gcc/arm-none-eabi/4.8.4/../../../../arm-none-eabi/lib/armv6-m/libg_s.a(lib_a-nano-mallocr.o)
                0x1ffff1d4                __malloc_free_list
 .bss.heap_end.4246
                0x1ffff1d8        0x4 /opt/Freescale/KDS_3.0.0/toolchain/bin/../lib/gcc/arm-none-eabi/4.8.4/../../../../arm-none-eabi/lib/armv6-m/libnosys.a(sbrk.o)
 *(COMMON)
 COMMON         0x1ffff1dc        0x4 /opt/Freescale/KDS_3.0.0/toolchain/bin/../lib/gcc/arm-none-eabi/4.8.4/../../../../arm-none-eabi/lib/armv6-m/libg_s.a(lib_a-reent.o)
                0x1ffff1dc                errno
                0x1ffff1e0                . = ALIGN (0x4)
                0x1ffff1e0                __bss_end__ = .
                0x1ffff1e0                __END_BSS = .

.heap           0x1ffff1e0      0x200 load address 0x00004d20
                0x1ffff1e0                . = ALIGN (0x8)
                0x1ffff1e0                __end__ = .
                0x1ffff1e0                PROVIDE (end, .)
                0x1ffff1e0                __HeapBase = .
                0x1ffff3e0                . = (. + HEAP_SIZE)
 *fill*         0x1ffff1e0      0x200 
                0x1ffff3e0                __HeapLimit = .

.stack          0x1ffff3e0      0x400 load address 0x00004f20
                0x1ffff3e0                . = ALIGN (0x8)
                0x1ffff7e0                . = (. + STACK_SIZE)
 *fill*         0x1ffff3e0      0x400 
                0x20003000                __StackTop = (ORIGIN (m_data) + 0x4000)
                0x20002c00                __StackLimit = (__StackTop - STACK_SIZE)
                0x20003000                PROVIDE (__stack, __StackTop)

.ARM.attributes
                0x00000000       0x28
 *(.ARM.attributes)
 .ARM.attributes
                0x00000000       0x1e /opt/Freescale/KDS_3.0.0/toolchain/bin/../lib/gcc/arm-none-eabi/4.8.4/armv6-m/crti.o
 .ARM.attributes
                0x0000001e       0x2c /opt/Freescale/KDS_3.0.0/toolchain/bin/../lib/gcc/arm-none-eabi/4.8.4/armv6-m/crtbegin.o
 .ARM.attributes
                0x0000004a       0x1b /opt/Freescale/KDS_3.0.0/toolchain/bin/../lib/gcc/arm-none-eabi/4.8.4/../../../../arm-none-eabi/lib/armv6-m/crt0.o
 .ARM.attributes
                0x00000065       0x32 ./utilities/fsl_debug_console.o
 .ARM.attributes
                0x00000097       0x32 ./utilities/print_scan.o
 .ARM.attributes
                0x000000c9       0x32 ./startup/startup.o
 .ARM.attributes
                0x000000fb       0x1b ./startup/startup_MKL25Z4.o
 .ARM.attributes
                0x00000116       0x32 ./startup/system_MKL25Z4.o
 .ARM.attributes
                0x00000148       0x32 ./board/board.o
 .ARM.attributes
                0x0000017a       0x32 ./board/gpio_pins.o
 .ARM.attributes
                0x000001ac       0x32 ./board/hardware_init.o
 .ARM.attributes
                0x000001de       0x32 ./board/pin_mux.o
 .ARM.attributes
                0x00000210       0x32 ./Sources/main.o
 .ARM.attributes
                0x00000242       0x32 ./Sources/tsi_kl25z.o
 .ARM.attributes
                0x00000274       0x32 /home/milton/KSDK_1.2.0/lib/ksdk_platform_lib/kds/KL25Z4/debug/libksdk_platform.a(fsl_uart_hal.o)
 .ARM.attributes
                0x000002a6       0x32 /home/milton/KSDK_1.2.0/lib/ksdk_platform_lib/kds/KL25Z4/debug/libksdk_platform.a(fsl_tsi_driver.o)
 .ARM.attributes
                0x000002d8       0x32 /home/milton/KSDK_1.2.0/lib/ksdk_platform_lib/kds/KL25Z4/debug/libksdk_platform.a(fsl_tsi_v4_driver_specific.o)
 .ARM.attributes
                0x0000030a       0x32 /home/milton/KSDK_1.2.0/lib/ksdk_platform_lib/kds/KL25Z4/debug/libksdk_platform.a(fsl_lpsci_hal.o)
 .ARM.attributes
                0x0000033c       0x32 /home/milton/KSDK_1.2.0/lib/ksdk_platform_lib/kds/KL25Z4/debug/libksdk_platform.a(fsl_gpio_driver.o)
 .ARM.attributes
                0x0000036e       0x32 /home/milton/KSDK_1.2.0/lib/ksdk_platform_lib/kds/KL25Z4/debug/libksdk_platform.a(fsl_clock_MKL25Z4.o)
 .ARM.attributes
                0x000003a0       0x32 /home/milton/KSDK_1.2.0/lib/ksdk_platform_lib/kds/KL25Z4/debug/libksdk_platform.a(fsl_clock_manager.o)
 .ARM.attributes
                0x000003d2       0x32 /home/milton/KSDK_1.2.0/lib/ksdk_platform_lib/kds/KL25Z4/debug/libksdk_platform.a(fsl_clock_manager_common.o)
 .ARM.attributes
                0x00000404       0x32 /home/milton/KSDK_1.2.0/lib/ksdk_platform_lib/kds/KL25Z4/debug/libksdk_platform.a(fsl_os_abstraction_bm.o)
 .ARM.attributes
                0x00000436       0x32 /home/milton/KSDK_1.2.0/lib/ksdk_platform_lib/kds/KL25Z4/debug/libksdk_platform.a(fsl_tsi_v4_hal_specific.o)
 .ARM.attributes
                0x00000468       0x32 /home/milton/KSDK_1.2.0/lib/ksdk_platform_lib/kds/KL25Z4/debug/libksdk_platform.a(fsl_tsi_common.o)
 .ARM.attributes
                0x0000049a       0x32 /home/milton/KSDK_1.2.0/lib/ksdk_platform_lib/kds/KL25Z4/debug/libksdk_platform.a(fsl_sim_hal_MKL25Z4.o)
 .ARM.attributes
                0x000004cc       0x32 /home/milton/KSDK_1.2.0/lib/ksdk_platform_lib/kds/KL25Z4/debug/libksdk_platform.a(fsl_rtc_common.o)
 .ARM.attributes
                0x000004fe       0x32 /home/milton/KSDK_1.2.0/lib/ksdk_platform_lib/kds/KL25Z4/debug/libksdk_platform.a(fsl_osc_hal.o)
 .ARM.attributes
                0x00000530       0x32 /home/milton/KSDK_1.2.0/lib/ksdk_platform_lib/kds/KL25Z4/debug/libksdk_platform.a(fsl_mcg_hal.o)
 .ARM.attributes
                0x00000562       0x32 /home/milton/KSDK_1.2.0/lib/ksdk_platform_lib/kds/KL25Z4/debug/libksdk_platform.a(fsl_mcg_hal_modes.o)
 .ARM.attributes
                0x00000594       0x32 /home/milton/KSDK_1.2.0/lib/ksdk_platform_lib/kds/KL25Z4/debug/libksdk_platform.a(fsl_lptmr_hal.o)
 .ARM.attributes
                0x000005c6       0x32 /home/milton/KSDK_1.2.0/lib/ksdk_platform_lib/kds/KL25Z4/debug/libksdk_platform.a(fsl_interrupt_manager.o)
 .ARM.attributes
                0x000005f8       0x32 /home/milton/KSDK_1.2.0/lib/ksdk_platform_lib/kds/KL25Z4/debug/libksdk_platform.a(fsl_gpio_hal.o)
 .ARM.attributes
                0x0000062a       0x32 /home/milton/KSDK_1.2.0/lib/ksdk_platform_lib/kds/KL25Z4/debug/libksdk_platform.a(fsl_gpio_common.o)
 .ARM.attributes
                0x0000065c       0x2c /opt/Freescale/KDS_3.0.0/toolchain/bin/../lib/gcc/arm-none-eabi/4.8.4/../../../../arm-none-eabi/lib/armv6-m/libg_s.a(lib_a-assert.o)
 .ARM.attributes
                0x00000688       0x2c /opt/Freescale/KDS_3.0.0/toolchain/bin/../lib/gcc/arm-none-eabi/4.8.4/../../../../arm-none-eabi/lib/armv6-m/libg_s.a(lib_a-exit.o)
 .ARM.attributes
                0x000006b4       0x2c /opt/Freescale/KDS_3.0.0/toolchain/bin/../lib/gcc/arm-none-eabi/4.8.4/../../../../arm-none-eabi/lib/armv6-m/libg_s.a(lib_a-fprintf.o)
 .ARM.attributes
                0x000006e0       0x2c /opt/Freescale/KDS_3.0.0/toolchain/bin/../lib/gcc/arm-none-eabi/4.8.4/../../../../arm-none-eabi/lib/armv6-m/libg_s.a(lib_a-impure.o)
 .ARM.attributes
                0x0000070c       0x2c /opt/Freescale/KDS_3.0.0/toolchain/bin/../lib/gcc/arm-none-eabi/4.8.4/../../../../arm-none-eabi/lib/armv6-m/libg_s.a(lib_a-init.o)
 .ARM.attributes
                0x00000738       0x2c /opt/Freescale/KDS_3.0.0/toolchain/bin/../lib/gcc/arm-none-eabi/4.8.4/../../../../arm-none-eabi/lib/armv6-m/libg_s.a(lib_a-memcpy-stub.o)
 .ARM.attributes
                0x00000764       0x2c /opt/Freescale/KDS_3.0.0/toolchain/bin/../lib/gcc/arm-none-eabi/4.8.4/../../../../arm-none-eabi/lib/armv6-m/libg_s.a(lib_a-memset.o)
 .ARM.attributes
                0x00000790       0x2c /opt/Freescale/KDS_3.0.0/toolchain/bin/../lib/gcc/arm-none-eabi/4.8.4/../../../../arm-none-eabi/lib/armv6-m/libg_s.a(lib_a-nano-freer.o)
 .ARM.attributes
                0x000007bc       0x2c /opt/Freescale/KDS_3.0.0/toolchain/bin/../lib/gcc/arm-none-eabi/4.8.4/../../../../arm-none-eabi/lib/armv6-m/libg_s.a(lib_a-nano-mallocr.o)
 .ARM.attributes
                0x000007e8       0x2c /opt/Freescale/KDS_3.0.0/toolchain/bin/../lib/gcc/arm-none-eabi/4.8.4/../../../../arm-none-eabi/lib/armv6-m/libg_s.a(lib_a-sbrkr.o)
 .ARM.attributes
                0x00000814       0x2c /opt/Freescale/KDS_3.0.0/toolchain/bin/../lib/gcc/arm-none-eabi/4.8.4/../../../../arm-none-eabi/lib/armv6-m/libg_s.a(lib_a-strlen.o)
 .ARM.attributes
                0x00000840       0x2c /opt/Freescale/KDS_3.0.0/toolchain/bin/../lib/gcc/arm-none-eabi/4.8.4/../../../../arm-none-eabi/lib/armv6-m/libg_s.a(lib_a-vfprintf.o)
 .ARM.attributes
                0x0000086c       0x2c /opt/Freescale/KDS_3.0.0/toolchain/bin/../lib/gcc/arm-none-eabi/4.8.4/../../../../arm-none-eabi/lib/armv6-m/libg_s.a(lib_a-vfprintf_i.o)
 .ARM.attributes
                0x00000898       0x2c /opt/Freescale/KDS_3.0.0/toolchain/bin/../lib/gcc/arm-none-eabi/4.8.4/../../../../arm-none-eabi/lib/armv6-m/libg_s.a(lib_a-wbuf.o)
 .ARM.attributes
                0x000008c4       0x2c /opt/Freescale/KDS_3.0.0/toolchain/bin/../lib/gcc/arm-none-eabi/4.8.4/../../../../arm-none-eabi/lib/armv6-m/libg_s.a(lib_a-wsetup.o)
 .ARM.attributes
                0x000008f0       0x2c /opt/Freescale/KDS_3.0.0/toolchain/bin/../lib/gcc/arm-none-eabi/4.8.4/../../../../arm-none-eabi/lib/armv6-m/libg_s.a(lib_a-abort.o)
 .ARM.attributes
                0x0000091c       0x2c /opt/Freescale/KDS_3.0.0/toolchain/bin/../lib/gcc/arm-none-eabi/4.8.4/../../../../arm-none-eabi/lib/armv6-m/libg_s.a(lib_a-fflush.o)
 .ARM.attributes
                0x00000948       0x2c /opt/Freescale/KDS_3.0.0/toolchain/bin/../lib/gcc/arm-none-eabi/4.8.4/../../../../arm-none-eabi/lib/armv6-m/libg_s.a(lib_a-findfp.o)
 .ARM.attributes
                0x00000974       0x2c /opt/Freescale/KDS_3.0.0/toolchain/bin/../lib/gcc/arm-none-eabi/4.8.4/../../../../arm-none-eabi/lib/armv6-m/libg_s.a(lib_a-makebuf.o)
 .ARM.attributes
                0x000009a0       0x2c /opt/Freescale/KDS_3.0.0/toolchain/bin/../lib/gcc/arm-none-eabi/4.8.4/../../../../arm-none-eabi/lib/armv6-m/libg_s.a(lib_a-memchr-stub.o)
 .ARM.attributes
                0x000009cc       0x2c /opt/Freescale/KDS_3.0.0/toolchain/bin/../lib/gcc/arm-none-eabi/4.8.4/../../../../arm-none-eabi/lib/armv6-m/libg_s.a(lib_a-reent.o)
 .ARM.attributes
                0x000009f8       0x2c /opt/Freescale/KDS_3.0.0/toolchain/bin/../lib/gcc/arm-none-eabi/4.8.4/../../../../arm-none-eabi/lib/armv6-m/libg_s.a(lib_a-signal.o)
 .ARM.attributes
                0x00000a24       0x2c /opt/Freescale/KDS_3.0.0/toolchain/bin/../lib/gcc/arm-none-eabi/4.8.4/../../../../arm-none-eabi/lib/armv6-m/libg_s.a(lib_a-signalr.o)
 .ARM.attributes
                0x00000a50       0x2c /opt/Freescale/KDS_3.0.0/toolchain/bin/../lib/gcc/arm-none-eabi/4.8.4/../../../../arm-none-eabi/lib/armv6-m/libg_s.a(lib_a-stdio.o)
 .ARM.attributes
                0x00000a7c       0x2c /opt/Freescale/KDS_3.0.0/toolchain/bin/../lib/gcc/arm-none-eabi/4.8.4/../../../../arm-none-eabi/lib/armv6-m/libg_s.a(lib_a-writer.o)
 .ARM.attributes
                0x00000aa8       0x2c /opt/Freescale/KDS_3.0.0/toolchain/bin/../lib/gcc/arm-none-eabi/4.8.4/../../../../arm-none-eabi/lib/armv6-m/libg_s.a(lib_a-closer.o)
 .ARM.attributes
                0x00000ad4       0x2c /opt/Freescale/KDS_3.0.0/toolchain/bin/../lib/gcc/arm-none-eabi/4.8.4/../../../../arm-none-eabi/lib/armv6-m/libg_s.a(lib_a-fstatr.o)
 .ARM.attributes
                0x00000b00       0x2c /opt/Freescale/KDS_3.0.0/toolchain/bin/../lib/gcc/arm-none-eabi/4.8.4/../../../../arm-none-eabi/lib/armv6-m/libg_s.a(lib_a-isattyr.o)
 .ARM.attributes
                0x00000b2c       0x2c /opt/Freescale/KDS_3.0.0/toolchain/bin/../lib/gcc/arm-none-eabi/4.8.4/../../../../arm-none-eabi/lib/armv6-m/libg_s.a(lib_a-lseekr.o)
 .ARM.attributes
                0x00000b58       0x2c /opt/Freescale/KDS_3.0.0/toolchain/bin/../lib/gcc/arm-none-eabi/4.8.4/../../../../arm-none-eabi/lib/armv6-m/libg_s.a(lib_a-readr.o)
 .ARM.attributes
                0x00000b84       0x1e /opt/Freescale/KDS_3.0.0/toolchain/bin/../lib/gcc/arm-none-eabi/4.8.4/armv6-m/libgcc.a(_thumb1_case_uqi.o)
 .ARM.attributes
                0x00000ba2       0x1e /opt/Freescale/KDS_3.0.0/toolchain/bin/../lib/gcc/arm-none-eabi/4.8.4/armv6-m/libgcc.a(_udivsi3.o)
 .ARM.attributes
                0x00000bc0       0x1e /opt/Freescale/KDS_3.0.0/toolchain/bin/../lib/gcc/arm-none-eabi/4.8.4/armv6-m/libgcc.a(_divsi3.o)
 .ARM.attributes
                0x00000bde       0x1e /opt/Freescale/KDS_3.0.0/toolchain/bin/../lib/gcc/arm-none-eabi/4.8.4/armv6-m/libgcc.a(_dvmd_tls.o)
 .ARM.attributes
                0x00000bfc       0x2c /opt/Freescale/KDS_3.0.0/toolchain/bin/../lib/gcc/arm-none-eabi/4.8.4/../../../../arm-none-eabi/lib/armv6-m/libnosys.a(close.o)
 .ARM.attributes
                0x00000c28       0x2c /opt/Freescale/KDS_3.0.0/toolchain/bin/../lib/gcc/arm-none-eabi/4.8.4/../../../../arm-none-eabi/lib/armv6-m/libnosys.a(fstat.o)
 .ARM.attributes
                0x00000c54       0x2c /opt/Freescale/KDS_3.0.0/toolchain/bin/../lib/gcc/arm-none-eabi/4.8.4/../../../../arm-none-eabi/lib/armv6-m/libnosys.a(getpid.o)
 .ARM.attributes
                0x00000c80       0x2c /opt/Freescale/KDS_3.0.0/toolchain/bin/../lib/gcc/arm-none-eabi/4.8.4/../../../../arm-none-eabi/lib/armv6-m/libnosys.a(isatty.o)
 .ARM.attributes
                0x00000cac       0x2c /opt/Freescale/KDS_3.0.0/toolchain/bin/../lib/gcc/arm-none-eabi/4.8.4/../../../../arm-none-eabi/lib/armv6-m/libnosys.a(kill.o)
 .ARM.attributes
                0x00000cd8       0x2c /opt/Freescale/KDS_3.0.0/toolchain/bin/../lib/gcc/arm-none-eabi/4.8.4/../../../../arm-none-eabi/lib/armv6-m/libnosys.a(lseek.o)
 .ARM.attributes
                0x00000d04       0x2c /opt/Freescale/KDS_3.0.0/toolchain/bin/../lib/gcc/arm-none-eabi/4.8.4/../../../../arm-none-eabi/lib/armv6-m/libnosys.a(sbrk.o)
 .ARM.attributes
                0x00000d30       0x2c /opt/Freescale/KDS_3.0.0/toolchain/bin/../lib/gcc/arm-none-eabi/4.8.4/../../../../arm-none-eabi/lib/armv6-m/libnosys.a(_exit.o)
 .ARM.attributes
                0x00000d5c       0x2c /opt/Freescale/KDS_3.0.0/toolchain/bin/../lib/gcc/arm-none-eabi/4.8.4/armv6-m/crtend.o
 .ARM.attributes
                0x00000d88       0x1e /opt/Freescale/KDS_3.0.0/toolchain/bin/../lib/gcc/arm-none-eabi/4.8.4/armv6-m/crtn.o
                0x00000001                ASSERT ((__StackLimit >= __HeapLimit), region m_data overflowed with stack and heap)
OUTPUT(kl25z_StandAlone.elf elf32-littlearm)

.debug_info     0x00000000    0x13c5b
 .debug_info    0x00000000      0xa50 ./utilities/fsl_debug_console.o
 .debug_info    0x00000a50      0x5bf ./utilities/print_scan.o
 .debug_info    0x0000100f      0x27c ./startup/startup.o
 .debug_info    0x0000128b       0xa9 ./startup/startup_MKL25Z4.o
 .debug_info    0x00001334      0x3cf ./startup/system_MKL25Z4.o
 .debug_info    0x00001703      0xa22 ./board/board.o
 .debug_info    0x00002125      0x261 ./board/gpio_pins.o
 .debug_info    0x00002386       0xd7 ./board/hardware_init.o
 .debug_info    0x0000245d      0x419 ./board/pin_mux.o
 .debug_info    0x00002876      0x2ae ./Sources/main.o
 .debug_info    0x00002b24      0x82d ./Sources/tsi_kl25z.o
 .debug_info    0x00003351      0x934 /home/milton/KSDK_1.2.0/lib/ksdk_platform_lib/kds/KL25Z4/debug/libksdk_platform.a(fsl_uart_hal.o)
 .debug_info    0x00003c85     0x1bd9 /home/milton/KSDK_1.2.0/lib/ksdk_platform_lib/kds/KL25Z4/debug/libksdk_platform.a(fsl_tsi_driver.o)
 .debug_info    0x0000585e     0x1349 /home/milton/KSDK_1.2.0/lib/ksdk_platform_lib/kds/KL25Z4/debug/libksdk_platform.a(fsl_tsi_v4_driver_specific.o)
 .debug_info    0x00006ba7      0x9e2 /home/milton/KSDK_1.2.0/lib/ksdk_platform_lib/kds/KL25Z4/debug/libksdk_platform.a(fsl_lpsci_hal.o)
 .debug_info    0x00007589     0x140a /home/milton/KSDK_1.2.0/lib/ksdk_platform_lib/kds/KL25Z4/debug/libksdk_platform.a(fsl_gpio_driver.o)
 .debug_info    0x00008993     0x2546 /home/milton/KSDK_1.2.0/lib/ksdk_platform_lib/kds/KL25Z4/debug/libksdk_platform.a(fsl_clock_MKL25Z4.o)
 .debug_info    0x0000aed9     0x1c57 /home/milton/KSDK_1.2.0/lib/ksdk_platform_lib/kds/KL25Z4/debug/libksdk_platform.a(fsl_clock_manager.o)
 .debug_info    0x0000cb30      0x448 /home/milton/KSDK_1.2.0/lib/ksdk_platform_lib/kds/KL25Z4/debug/libksdk_platform.a(fsl_clock_manager_common.o)
 .debug_info    0x0000cf78     0x1c6f /home/milton/KSDK_1.2.0/lib/ksdk_platform_lib/kds/KL25Z4/debug/libksdk_platform.a(fsl_os_abstraction_bm.o)
 .debug_info    0x0000ebe7      0xf41 /home/milton/KSDK_1.2.0/lib/ksdk_platform_lib/kds/KL25Z4/debug/libksdk_platform.a(fsl_tsi_v4_hal_specific.o)
 .debug_info    0x0000fb28      0x705 /home/milton/KSDK_1.2.0/lib/ksdk_platform_lib/kds/KL25Z4/debug/libksdk_platform.a(fsl_tsi_common.o)
 .debug_info    0x0001022d      0xbe0 /home/milton/KSDK_1.2.0/lib/ksdk_platform_lib/kds/KL25Z4/debug/libksdk_platform.a(fsl_sim_hal_MKL25Z4.o)
 .debug_info    0x00010e0d      0x262 /home/milton/KSDK_1.2.0/lib/ksdk_platform_lib/kds/KL25Z4/debug/libksdk_platform.a(fsl_rtc_common.o)
 .debug_info    0x0001106f       0xef /home/milton/KSDK_1.2.0/lib/ksdk_platform_lib/kds/KL25Z4/debug/libksdk_platform.a(fsl_osc_hal.o)
 .debug_info    0x0001115e      0xd33 /home/milton/KSDK_1.2.0/lib/ksdk_platform_lib/kds/KL25Z4/debug/libksdk_platform.a(fsl_mcg_hal.o)
 .debug_info    0x00011e91      0xf3a /home/milton/KSDK_1.2.0/lib/ksdk_platform_lib/kds/KL25Z4/debug/libksdk_platform.a(fsl_mcg_hal_modes.o)
 .debug_info    0x00012dcb      0x506 /home/milton/KSDK_1.2.0/lib/ksdk_platform_lib/kds/KL25Z4/debug/libksdk_platform.a(fsl_lptmr_hal.o)
 .debug_info    0x000132d1      0x2b2 /home/milton/KSDK_1.2.0/lib/ksdk_platform_lib/kds/KL25Z4/debug/libksdk_platform.a(fsl_interrupt_manager.o)
 .debug_info    0x00013583      0x35b /home/milton/KSDK_1.2.0/lib/ksdk_platform_lib/kds/KL25Z4/debug/libksdk_platform.a(fsl_gpio_hal.o)
 .debug_info    0x000138de      0x37d /home/milton/KSDK_1.2.0/lib/ksdk_platform_lib/kds/KL25Z4/debug/libksdk_platform.a(fsl_gpio_common.o)

.debug_abbrev   0x00000000     0x3a26
 .debug_abbrev  0x00000000      0x23a ./utilities/fsl_debug_console.o
 .debug_abbrev  0x0000023a      0x1b6 ./utilities/print_scan.o
 .debug_abbrev  0x000003f0       0xe7 ./startup/startup.o
 .debug_abbrev  0x000004d7       0x14 ./startup/startup_MKL25Z4.o
 .debug_abbrev  0x000004eb      0x107 ./startup/system_MKL25Z4.o
 .debug_abbrev  0x000005f2      0x202 ./board/board.o
 .debug_abbrev  0x000007f4       0x8f ./board/gpio_pins.o
 .debug_abbrev  0x00000883       0x75 ./board/hardware_init.o
 .debug_abbrev  0x000008f8      0x128 ./board/pin_mux.o
 .debug_abbrev  0x00000a20      0x112 ./Sources/main.o
 .debug_abbrev  0x00000b32      0x183 ./Sources/tsi_kl25z.o
 .debug_abbrev  0x00000cb5      0x27e /home/milton/KSDK_1.2.0/lib/ksdk_platform_lib/kds/KL25Z4/debug/libksdk_platform.a(fsl_uart_hal.o)
 .debug_abbrev  0x00000f33      0x312 /home/milton/KSDK_1.2.0/lib/ksdk_platform_lib/kds/KL25Z4/debug/libksdk_platform.a(fsl_tsi_driver.o)
 .debug_abbrev  0x00001245      0x344 /home/milton/KSDK_1.2.0/lib/ksdk_platform_lib/kds/KL25Z4/debug/libksdk_platform.a(fsl_tsi_v4_driver_specific.o)
 .debug_abbrev  0x00001589      0x228 /home/milton/KSDK_1.2.0/lib/ksdk_platform_lib/kds/KL25Z4/debug/libksdk_platform.a(fsl_lpsci_hal.o)
 .debug_abbrev  0x000017b1      0x384 /home/milton/KSDK_1.2.0/lib/ksdk_platform_lib/kds/KL25Z4/debug/libksdk_platform.a(fsl_gpio_driver.o)
 .debug_abbrev  0x00001b35      0x445 /home/milton/KSDK_1.2.0/lib/ksdk_platform_lib/kds/KL25Z4/debug/libksdk_platform.a(fsl_clock_MKL25Z4.o)
 .debug_abbrev  0x00001f7a      0x3d0 /home/milton/KSDK_1.2.0/lib/ksdk_platform_lib/kds/KL25Z4/debug/libksdk_platform.a(fsl_clock_manager.o)
 .debug_abbrev  0x0000234a       0xdb /home/milton/KSDK_1.2.0/lib/ksdk_platform_lib/kds/KL25Z4/debug/libksdk_platform.a(fsl_clock_manager_common.o)
 .debug_abbrev  0x00002425      0x3ea /home/milton/KSDK_1.2.0/lib/ksdk_platform_lib/kds/KL25Z4/debug/libksdk_platform.a(fsl_os_abstraction_bm.o)
 .debug_abbrev  0x0000280f      0x323 /home/milton/KSDK_1.2.0/lib/ksdk_platform_lib/kds/KL25Z4/debug/libksdk_platform.a(fsl_tsi_v4_hal_specific.o)
 .debug_abbrev  0x00002b32      0x103 /home/milton/KSDK_1.2.0/lib/ksdk_platform_lib/kds/KL25Z4/debug/libksdk_platform.a(fsl_tsi_common.o)
 .debug_abbrev  0x00002c35      0x1ac /home/milton/KSDK_1.2.0/lib/ksdk_platform_lib/kds/KL25Z4/debug/libksdk_platform.a(fsl_sim_hal_MKL25Z4.o)
 .debug_abbrev  0x00002de1       0xae /home/milton/KSDK_1.2.0/lib/ksdk_platform_lib/kds/KL25Z4/debug/libksdk_platform.a(fsl_rtc_common.o)
 .debug_abbrev  0x00002e8f       0xa8 /home/milton/KSDK_1.2.0/lib/ksdk_platform_lib/kds/KL25Z4/debug/libksdk_platform.a(fsl_osc_hal.o)
 .debug_abbrev  0x00002f37      0x314 /home/milton/KSDK_1.2.0/lib/ksdk_platform_lib/kds/KL25Z4/debug/libksdk_platform.a(fsl_mcg_hal.o)
 .debug_abbrev  0x0000324b      0x2f7 /home/milton/KSDK_1.2.0/lib/ksdk_platform_lib/kds/KL25Z4/debug/libksdk_platform.a(fsl_mcg_hal_modes.o)
 .debug_abbrev  0x00003542      0x1ac /home/milton/KSDK_1.2.0/lib/ksdk_platform_lib/kds/KL25Z4/debug/libksdk_platform.a(fsl_lptmr_hal.o)
 .debug_abbrev  0x000036ee      0x148 /home/milton/KSDK_1.2.0/lib/ksdk_platform_lib/kds/KL25Z4/debug/libksdk_platform.a(fsl_interrupt_manager.o)
 .debug_abbrev  0x00003836      0x133 /home/milton/KSDK_1.2.0/lib/ksdk_platform_lib/kds/KL25Z4/debug/libksdk_platform.a(fsl_gpio_hal.o)
 .debug_abbrev  0x00003969       0xbd /home/milton/KSDK_1.2.0/lib/ksdk_platform_lib/kds/KL25Z4/debug/libksdk_platform.a(fsl_gpio_common.o)

.debug_aranges  0x00000000      0xbc0
 .debug_aranges
                0x00000000       0xa0 ./utilities/fsl_debug_console.o
 .debug_aranges
                0x000000a0       0x48 ./utilities/print_scan.o
 .debug_aranges
                0x000000e8       0x20 ./startup/startup.o
 .debug_aranges
                0x00000108       0x20 ./startup/startup_MKL25Z4.o
 .debug_aranges
                0x00000128       0x28 ./startup/system_MKL25Z4.o
 .debug_aranges
                0x00000150       0x58 ./board/board.o
 .debug_aranges
                0x000001a8       0x18 ./board/gpio_pins.o
 .debug_aranges
                0x000001c0       0x20 ./board/hardware_init.o
 .debug_aranges
                0x000001e0       0x88 ./board/pin_mux.o
 .debug_aranges
                0x00000268       0x20 ./Sources/main.o
 .debug_aranges
                0x00000288       0x30 ./Sources/tsi_kl25z.o
 .debug_aranges
                0x000002b8       0xa8 /home/milton/KSDK_1.2.0/lib/ksdk_platform_lib/kds/KL25Z4/debug/libksdk_platform.a(fsl_uart_hal.o)
 .debug_aranges
                0x00000360       0x70 /home/milton/KSDK_1.2.0/lib/ksdk_platform_lib/kds/KL25Z4/debug/libksdk_platform.a(fsl_tsi_driver.o)
 .debug_aranges
                0x000003d0       0x58 /home/milton/KSDK_1.2.0/lib/ksdk_platform_lib/kds/KL25Z4/debug/libksdk_platform.a(fsl_tsi_v4_driver_specific.o)
 .debug_aranges
                0x00000428       0xb0 /home/milton/KSDK_1.2.0/lib/ksdk_platform_lib/kds/KL25Z4/debug/libksdk_platform.a(fsl_lpsci_hal.o)
 .debug_aranges
                0x000004d8       0x80 /home/milton/KSDK_1.2.0/lib/ksdk_platform_lib/kds/KL25Z4/debug/libksdk_platform.a(fsl_gpio_driver.o)
 .debug_aranges
                0x00000558      0x198 /home/milton/KSDK_1.2.0/lib/ksdk_platform_lib/kds/KL25Z4/debug/libksdk_platform.a(fsl_clock_MKL25Z4.o)
 .debug_aranges
                0x000006f0       0x78 /home/milton/KSDK_1.2.0/lib/ksdk_platform_lib/kds/KL25Z4/debug/libksdk_platform.a(fsl_clock_manager.o)
 .debug_aranges
                0x00000768       0x18 /home/milton/KSDK_1.2.0/lib/ksdk_platform_lib/kds/KL25Z4/debug/libksdk_platform.a(fsl_clock_manager_common.o)
 .debug_aranges
                0x00000780      0x148 /home/milton/KSDK_1.2.0/lib/ksdk_platform_lib/kds/KL25Z4/debug/libksdk_platform.a(fsl_os_abstraction_bm.o)
 .debug_aranges
                0x000008c8       0x58 /home/milton/KSDK_1.2.0/lib/ksdk_platform_lib/kds/KL25Z4/debug/libksdk_platform.a(fsl_tsi_v4_hal_specific.o)
 .debug_aranges
                0x00000920       0x18 /home/milton/KSDK_1.2.0/lib/ksdk_platform_lib/kds/KL25Z4/debug/libksdk_platform.a(fsl_tsi_common.o)
 .debug_aranges
                0x00000938       0x90 /home/milton/KSDK_1.2.0/lib/ksdk_platform_lib/kds/KL25Z4/debug/libksdk_platform.a(fsl_sim_hal_MKL25Z4.o)
 .debug_aranges
                0x000009c8       0x18 /home/milton/KSDK_1.2.0/lib/ksdk_platform_lib/kds/KL25Z4/debug/libksdk_platform.a(fsl_rtc_common.o)
 .debug_aranges
                0x000009e0       0x20 /home/milton/KSDK_1.2.0/lib/ksdk_platform_lib/kds/KL25Z4/debug/libksdk_platform.a(fsl_osc_hal.o)
 .debug_aranges
                0x00000a00       0xa0 /home/milton/KSDK_1.2.0/lib/ksdk_platform_lib/kds/KL25Z4/debug/libksdk_platform.a(fsl_mcg_hal.o)
 .debug_aranges
                0x00000aa0       0x68 /home/milton/KSDK_1.2.0/lib/ksdk_platform_lib/kds/KL25Z4/debug/libksdk_platform.a(fsl_mcg_hal_modes.o)
 .debug_aranges
                0x00000b08       0x38 /home/milton/KSDK_1.2.0/lib/ksdk_platform_lib/kds/KL25Z4/debug/libksdk_platform.a(fsl_lptmr_hal.o)
 .debug_aranges
                0x00000b40       0x30 /home/milton/KSDK_1.2.0/lib/ksdk_platform_lib/kds/KL25Z4/debug/libksdk_platform.a(fsl_interrupt_manager.o)
 .debug_aranges
                0x00000b70       0x38 /home/milton/KSDK_1.2.0/lib/ksdk_platform_lib/kds/KL25Z4/debug/libksdk_platform.a(fsl_gpio_hal.o)
 .debug_aranges
                0x00000ba8       0x18 /home/milton/KSDK_1.2.0/lib/ksdk_platform_lib/kds/KL25Z4/debug/libksdk_platform.a(fsl_gpio_common.o)

.debug_ranges   0x00000000      0xfb0
 .debug_ranges  0x00000000       0x90 ./utilities/fsl_debug_console.o
 .debug_ranges  0x00000090       0x38 ./utilities/print_scan.o
 .debug_ranges  0x000000c8       0x10 ./startup/startup.o
 .debug_ranges  0x000000d8       0x18 ./startup/system_MKL25Z4.o
 .debug_ranges  0x000000f0       0x48 ./board/board.o
 .debug_ranges  0x00000138       0x10 ./board/hardware_init.o
 .debug_ranges  0x00000148       0x78 ./board/pin_mux.o
 .debug_ranges  0x000001c0       0x10 ./Sources/main.o
 .debug_ranges  0x000001d0       0x20 ./Sources/tsi_kl25z.o
 .debug_ranges  0x000001f0       0xb0 /home/milton/KSDK_1.2.0/lib/ksdk_platform_lib/kds/KL25Z4/debug/libksdk_platform.a(fsl_uart_hal.o)
 .debug_ranges  0x000002a0      0x130 /home/milton/KSDK_1.2.0/lib/ksdk_platform_lib/kds/KL25Z4/debug/libksdk_platform.a(fsl_tsi_driver.o)
 .debug_ranges  0x000003d0      0x198 /home/milton/KSDK_1.2.0/lib/ksdk_platform_lib/kds/KL25Z4/debug/libksdk_platform.a(fsl_tsi_v4_driver_specific.o)
 .debug_ranges  0x00000568       0xb8 /home/milton/KSDK_1.2.0/lib/ksdk_platform_lib/kds/KL25Z4/debug/libksdk_platform.a(fsl_lpsci_hal.o)
 .debug_ranges  0x00000620       0xd0 /home/milton/KSDK_1.2.0/lib/ksdk_platform_lib/kds/KL25Z4/debug/libksdk_platform.a(fsl_gpio_driver.o)
 .debug_ranges  0x000006f0      0x2b8 /home/milton/KSDK_1.2.0/lib/ksdk_platform_lib/kds/KL25Z4/debug/libksdk_platform.a(fsl_clock_MKL25Z4.o)
 .debug_ranges  0x000009a8       0xe0 /home/milton/KSDK_1.2.0/lib/ksdk_platform_lib/kds/KL25Z4/debug/libksdk_platform.a(fsl_clock_manager.o)
 .debug_ranges  0x00000a88      0x158 /home/milton/KSDK_1.2.0/lib/ksdk_platform_lib/kds/KL25Z4/debug/libksdk_platform.a(fsl_os_abstraction_bm.o)
 .debug_ranges  0x00000be0      0x148 /home/milton/KSDK_1.2.0/lib/ksdk_platform_lib/kds/KL25Z4/debug/libksdk_platform.a(fsl_tsi_v4_hal_specific.o)
 .debug_ranges  0x00000d28       0x80 /home/milton/KSDK_1.2.0/lib/ksdk_platform_lib/kds/KL25Z4/debug/libksdk_platform.a(fsl_sim_hal_MKL25Z4.o)
 .debug_ranges  0x00000da8       0x10 /home/milton/KSDK_1.2.0/lib/ksdk_platform_lib/kds/KL25Z4/debug/libksdk_platform.a(fsl_osc_hal.o)
 .debug_ranges  0x00000db8       0xc8 /home/milton/KSDK_1.2.0/lib/ksdk_platform_lib/kds/KL25Z4/debug/libksdk_platform.a(fsl_mcg_hal.o)
 .debug_ranges  0x00000e80       0xc0 /home/milton/KSDK_1.2.0/lib/ksdk_platform_lib/kds/KL25Z4/debug/libksdk_platform.a(fsl_mcg_hal_modes.o)
 .debug_ranges  0x00000f40       0x28 /home/milton/KSDK_1.2.0/lib/ksdk_platform_lib/kds/KL25Z4/debug/libksdk_platform.a(fsl_lptmr_hal.o)
 .debug_ranges  0x00000f68       0x20 /home/milton/KSDK_1.2.0/lib/ksdk_platform_lib/kds/KL25Z4/debug/libksdk_platform.a(fsl_interrupt_manager.o)
 .debug_ranges  0x00000f88       0x28 /home/milton/KSDK_1.2.0/lib/ksdk_platform_lib/kds/KL25Z4/debug/libksdk_platform.a(fsl_gpio_hal.o)

.debug_macro    0x00000000    0x146f9
 .debug_macro   0x00000000      0x2ce ./utilities/fsl_debug_console.o
 .debug_macro   0x000002ce      0x820 ./utilities/fsl_debug_console.o
 .debug_macro   0x00000aee       0x58 ./utilities/fsl_debug_console.o
 .debug_macro   0x00000b46       0x58 ./utilities/fsl_debug_console.o
 .debug_macro   0x00000b9e       0x16 ./utilities/fsl_debug_console.o
 .debug_macro   0x00000bb4       0x35 ./utilities/fsl_debug_console.o
 .debug_macro   0x00000be9       0xa3 ./utilities/fsl_debug_console.o
 .debug_macro   0x00000c8c       0x16 ./utilities/fsl_debug_console.o
 .debug_macro   0x00000ca2       0x97 ./utilities/fsl_debug_console.o
 .debug_macro   0x00000d39       0xef ./utilities/fsl_debug_console.o
 .debug_macro   0x00000e28       0x4a ./utilities/fsl_debug_console.o
 .debug_macro   0x00000e72       0x52 ./utilities/fsl_debug_console.o
 .debug_macro   0x00000ec4       0x16 ./utilities/fsl_debug_console.o
 .debug_macro   0x00000eda       0x43 ./utilities/fsl_debug_console.o
 .debug_macro   0x00000f1d      0x180 ./utilities/fsl_debug_console.o
 .debug_macro   0x0000109d       0x10 ./utilities/fsl_debug_console.o
 .debug_macro   0x000010ad       0x22 ./utilities/fsl_debug_console.o
 .debug_macro   0x000010cf       0xbd ./utilities/fsl_debug_console.o
 .debug_macro   0x0000118c       0x16 ./utilities/fsl_debug_console.o
 .debug_macro   0x000011a2      0x16c ./utilities/fsl_debug_console.o
 .debug_macro   0x0000130e       0x16 ./utilities/fsl_debug_console.o
 .debug_macro   0x00001324       0x35 ./utilities/fsl_debug_console.o
 .debug_macro   0x00001359       0x16 ./utilities/fsl_debug_console.o
 .debug_macro   0x0000136f       0x29 ./utilities/fsl_debug_console.o
 .debug_macro   0x00001398       0x11 ./utilities/fsl_debug_console.o
 .debug_macro   0x000013a9       0x16 ./utilities/fsl_debug_console.o
 .debug_macro   0x000013bf      0x34e ./utilities/fsl_debug_console.o
 .debug_macro   0x0000170d       0x3a ./utilities/fsl_debug_console.o
 .debug_macro   0x00001747       0x3a ./utilities/fsl_debug_console.o
 .debug_macro   0x00001781       0x1f ./utilities/fsl_debug_console.o
 .debug_macro   0x000017a0      0x250 ./utilities/fsl_debug_console.o
 .debug_macro   0x000019f0       0x63 ./utilities/fsl_debug_console.o
 .debug_macro   0x00001a53     0x8439 ./utilities/fsl_debug_console.o
 .debug_macro   0x00009e8c       0x82 ./utilities/fsl_debug_console.o
 .debug_macro   0x00009f0e     0x764c ./utilities/fsl_debug_console.o
 .debug_macro   0x0001155a     0x10b2 ./utilities/fsl_debug_console.o
 .debug_macro   0x0001260c       0x22 ./utilities/fsl_debug_console.o
 .debug_macro   0x0001262e       0x44 ./utilities/fsl_debug_console.o
 .debug_macro   0x00012672       0x22 ./utilities/fsl_debug_console.o
 .debug_macro   0x00012694       0x16 ./utilities/fsl_debug_console.o
 .debug_macro   0x000126aa       0x10 ./utilities/fsl_debug_console.o
 .debug_macro   0x000126ba       0x11 ./utilities/fsl_debug_console.o
 .debug_macro   0x000126cb       0x10 ./utilities/fsl_debug_console.o
 .debug_macro   0x000126db       0x10 ./utilities/fsl_debug_console.o
 .debug_macro   0x000126eb      0x2a6 ./utilities/fsl_debug_console.o
 .debug_macro   0x00012991       0x10 ./utilities/fsl_debug_console.o
 .debug_macro   0x000129a1       0x1f ./utilities/fsl_debug_console.o
 .debug_macro   0x000129c0      0x265 ./utilities/print_scan.o
 .debug_macro   0x00012c25       0x10 ./utilities/print_scan.o
 .debug_macro   0x00012c35       0x52 ./utilities/print_scan.o
 .debug_macro   0x00012c87       0xac ./utilities/print_scan.o
 .debug_macro   0x00012d33      0x164 ./startup/startup.o
 .debug_macro   0x00012e97      0x10e ./startup/startup.o
 .debug_macro   0x00012fa5       0x7f ./startup/startup.o
 .debug_macro   0x00013024       0x7c ./startup/startup.o
 .debug_macro   0x000130a0      0x155 ./startup/system_MKL25Z4.o
 .debug_macro   0x000131f5       0x4c ./startup/system_MKL25Z4.o
 .debug_macro   0x00013241      0x266 ./board/board.o
 .debug_macro   0x000134a7       0x22 ./board/board.o
 .debug_macro   0x000134c9      0x209 ./board/board.o
 .debug_macro   0x000136d2       0x10 ./board/board.o
 .debug_macro   0x000136e2      0x197 ./board/gpio_pins.o
 .debug_macro   0x00013879      0x253 ./board/hardware_init.o
 .debug_macro   0x00013acc      0x180 ./board/pin_mux.o
 .debug_macro   0x00013c4c      0x54d ./Sources/main.o
 .debug_macro   0x00014199       0x22 ./Sources/main.o
 .debug_macro   0x000141bb       0x10 ./Sources/main.o
 .debug_macro   0x000141cb       0x10 ./Sources/main.o
 .debug_macro   0x000141db       0x16 ./Sources/main.o
 .debug_macro   0x000141f1      0x508 ./Sources/tsi_kl25z.o

.debug_line     0x00000000     0x8bc1
 .debug_line    0x00000000      0x86e ./utilities/fsl_debug_console.o
 .debug_line    0x0000086e      0x686 ./utilities/print_scan.o
 .debug_line    0x00000ef4      0x3ba ./startup/startup.o
 .debug_line    0x000012ae       0x88 ./startup/startup_MKL25Z4.o
 .debug_line    0x00001336      0x3db ./startup/system_MKL25Z4.o
 .debug_line    0x00001711      0x6e6 ./board/board.o
 .debug_line    0x00001df7      0x42e ./board/gpio_pins.o
 .debug_line    0x00002225      0x63b ./board/hardware_init.o
 .debug_line    0x00002860      0x540 ./board/pin_mux.o
 .debug_line    0x00002da0      0xac4 ./Sources/main.o
 .debug_line    0x00003864      0xadb ./Sources/tsi_kl25z.o
 .debug_line    0x0000433f      0x38e /home/milton/KSDK_1.2.0/lib/ksdk_platform_lib/kds/KL25Z4/debug/libksdk_platform.a(fsl_uart_hal.o)
 .debug_line    0x000046cd      0x5f4 /home/milton/KSDK_1.2.0/lib/ksdk_platform_lib/kds/KL25Z4/debug/libksdk_platform.a(fsl_tsi_driver.o)
 .debug_line    0x00004cc1      0x4e1 /home/milton/KSDK_1.2.0/lib/ksdk_platform_lib/kds/KL25Z4/debug/libksdk_platform.a(fsl_tsi_v4_driver_specific.o)